Archive member included to satisfy reference by file (symbol)

c:/avr/bin/../lib/gcc/avr/12.1.0/avr5\libgcc.a(_divmodhi4.o)
                              bin/debug/main.o (__divmodhi4)
c:/avr/bin/../lib/gcc/avr/12.1.0/avr5\libgcc.a(_exit.o)
                              c:/avr/bin/../lib/gcc/avr/12.1.0/../../../../avr/lib/avr5/crtatmega328p.o (exit)
c:/avr/bin/../lib/gcc/avr/12.1.0/avr5\libgcc.a(_copy_data.o)
                              bin/debug/main.o (__do_copy_data)
c:/avr/bin/../lib/gcc/avr/12.1.0/avr5\libgcc.a(_clear_bss.o)
                              bin/debug/max72xx.o (__do_clear_bss)
c:/avr/bin/../lib/gcc/avr/12.1.0/avr5\libgcc.a(_udivmodhi4.o)
                              c:/avr/bin/../lib/gcc/avr/12.1.0/avr5\libgcc.a(_divmodhi4.o) (__udivmodhi4)
c:/avr/bin/../lib/gcc/avr/12.1.0/../../../../avr/lib/avr5\libc.a(rand.o)
                              bin/debug/main.o (rand)
c:/avr/bin/../lib/gcc/avr/12.1.0/../../../../avr/lib/avr5\libc.a(memmove.o)
                              bin/debug/main.o (memmove)
c:/avr/bin/../lib/gcc/avr/12.1.0/../../../../avr/lib/avr5\libc.a(iob.o)
                              bin/debug/uart.o (__iob)
c:/avr/bin/../lib/gcc/avr/12.1.0/../../../../avr/lib/avr5\libc.a(printf.o)
                              bin/debug/main.o (printf)
c:/avr/bin/../lib/gcc/avr/12.1.0/../../../../avr/lib/avr5\libc.a(time.o)
                              bin/debug/main.o (time)
c:/avr/bin/../lib/gcc/avr/12.1.0/../../../../avr/lib/avr5\libc.a(vfprintf_std.o)
                              c:/avr/bin/../lib/gcc/avr/12.1.0/../../../../avr/lib/avr5\libc.a(printf.o) (vfprintf)
c:/avr/bin/../lib/gcc/avr/12.1.0/../../../../avr/lib/avr5\libc.a(strnlen_P.o)
                              c:/avr/bin/../lib/gcc/avr/12.1.0/../../../../avr/lib/avr5\libc.a(vfprintf_std.o) (strnlen_P)
c:/avr/bin/../lib/gcc/avr/12.1.0/../../../../avr/lib/avr5\libc.a(memcpy.o)
                              c:/avr/bin/../lib/gcc/avr/12.1.0/../../../../avr/lib/avr5\libc.a(memmove.o) (memcpy)
c:/avr/bin/../lib/gcc/avr/12.1.0/../../../../avr/lib/avr5\libc.a(strnlen.o)
                              c:/avr/bin/../lib/gcc/avr/12.1.0/../../../../avr/lib/avr5\libc.a(vfprintf_std.o) (strnlen)
c:/avr/bin/../lib/gcc/avr/12.1.0/../../../../avr/lib/avr5\libc.a(fputc.o)
                              c:/avr/bin/../lib/gcc/avr/12.1.0/../../../../avr/lib/avr5\libc.a(vfprintf_std.o) (fputc)
c:/avr/bin/../lib/gcc/avr/12.1.0/../../../../avr/lib/avr5\libc.a(ultoa_invert.o)
                              c:/avr/bin/../lib/gcc/avr/12.1.0/../../../../avr/lib/avr5\libc.a(vfprintf_std.o) (__ultoa_invert)
c:/avr/bin/../lib/gcc/avr/12.1.0/../../../../avr/lib/avr5\libc.a(system_time.o)
                              c:/avr/bin/../lib/gcc/avr/12.1.0/../../../../avr/lib/avr5\libc.a(time.o) (__system_time)
c:/avr/bin/../lib/gcc/avr/12.1.0/avr5\libgcc.a(_divmodsi4.o)
                              c:/avr/bin/../lib/gcc/avr/12.1.0/../../../../avr/lib/avr5\libc.a(rand.o) (__divmodsi4)
c:/avr/bin/../lib/gcc/avr/12.1.0/avr5\libgcc.a(_negsi2.o)
                              c:/avr/bin/../lib/gcc/avr/12.1.0/avr5\libgcc.a(_divmodsi4.o) (__negsi2)
c:/avr/bin/../lib/gcc/avr/12.1.0/avr5\libgcc.a(_muluhisi3.o)
                              c:/avr/bin/../lib/gcc/avr/12.1.0/../../../../avr/lib/avr5\libc.a(rand.o) (__muluhisi3)
c:/avr/bin/../lib/gcc/avr/12.1.0/avr5\libgcc.a(_mulshisi3.o)
                              c:/avr/bin/../lib/gcc/avr/12.1.0/../../../../avr/lib/avr5\libc.a(rand.o) (__mulohisi3)
c:/avr/bin/../lib/gcc/avr/12.1.0/avr5\libgcc.a(_prologue.o)
                              c:/avr/bin/../lib/gcc/avr/12.1.0/../../../../avr/lib/avr5\libc.a(printf.o) (__prologue_saves__)
c:/avr/bin/../lib/gcc/avr/12.1.0/avr5\libgcc.a(_epilogue.o)
                              c:/avr/bin/../lib/gcc/avr/12.1.0/../../../../avr/lib/avr5\libc.a(printf.o) (__epilogue_restores__)
c:/avr/bin/../lib/gcc/avr/12.1.0/avr5\libgcc.a(_udivmodsi4.o)
                              c:/avr/bin/../lib/gcc/avr/12.1.0/avr5\libgcc.a(_divmodsi4.o) (__udivmodsi4)
c:/avr/bin/../lib/gcc/avr/12.1.0/avr5\libgcc.a(_umulhisi3.o)
                              c:/avr/bin/../lib/gcc/avr/12.1.0/avr5\libgcc.a(_muluhisi3.o) (__umulhisi3)

Memory Configuration

Name             Origin             Length             Attributes
text             0x00000000         0x00020000         xr
data             0x00800060         0x0000ffa0         rw !x
eeprom           0x00810000         0x00010000         rw !x
fuse             0x00820000         0x00000003         rw !x
lock             0x00830000         0x00000400         rw !x
signature        0x00840000         0x00000400         rw !x
user_signatures  0x00850000         0x00000400         rw !x
*default*        0x00000000         0xffffffff

Linker script and memory map

Address of section .data set to 0x800100
LOAD c:/avr/bin/../lib/gcc/avr/12.1.0/../../../../avr/lib/avr5/crtatmega328p.o
LOAD bin/debug/main.o
LOAD bin/debug/max72xx.o
LOAD bin/debug/uart.o
LOAD bin/debug/analogRead.o
LOAD bin/debug/millis.o
START GROUP
LOAD c:/avr/bin/../lib/gcc/avr/12.1.0/avr5\libgcc.a
LOAD c:/avr/bin/../lib/gcc/avr/12.1.0/../../../../avr/lib/avr5\libm.a
LOAD c:/avr/bin/../lib/gcc/avr/12.1.0/../../../../avr/lib/avr5\libc.a
LOAD c:/avr/bin/../lib/gcc/avr/12.1.0/../../../../avr/lib/avr5\libatmega328p.a
END GROUP
                0x00020000                __TEXT_REGION_LENGTH__ = DEFINED (__TEXT_REGION_LENGTH__)?__TEXT_REGION_LENGTH__:0x20000
                0x0000ffa0                __DATA_REGION_LENGTH__ = DEFINED (__DATA_REGION_LENGTH__)?__DATA_REGION_LENGTH__:0xffa0
                0x00010000                __EEPROM_REGION_LENGTH__ = DEFINED (__EEPROM_REGION_LENGTH__)?__EEPROM_REGION_LENGTH__:0x10000
                [0x00000003]                __FUSE_REGION_LENGTH__ = DEFINED (__FUSE_REGION_LENGTH__)?__FUSE_REGION_LENGTH__:0x400
                0x00000400                __LOCK_REGION_LENGTH__ = DEFINED (__LOCK_REGION_LENGTH__)?__LOCK_REGION_LENGTH__:0x400
                0x00000400                __SIGNATURE_REGION_LENGTH__ = DEFINED (__SIGNATURE_REGION_LENGTH__)?__SIGNATURE_REGION_LENGTH__:0x400
                0x00000400                __USER_SIGNATURE_REGION_LENGTH__ = DEFINED (__USER_SIGNATURE_REGION_LENGTH__)?__USER_SIGNATURE_REGION_LENGTH__:0x400

.hash
 *(.hash)

.dynsym
 *(.dynsym)

.dynstr
 *(.dynstr)

.gnu.version
 *(.gnu.version)

.gnu.version_d
 *(.gnu.version_d)

.gnu.version_r
 *(.gnu.version_r)

.rel.init
 *(.rel.init)

.rela.init
 *(.rela.init)

.rel.text
 *(.rel.text)
 *(.rel.text.*)
 *(.rel.gnu.linkonce.t*)

.rela.text
 *(.rela.text)
 *(.rela.text.*)
 *(.rela.gnu.linkonce.t*)

.rel.fini
 *(.rel.fini)

.rela.fini
 *(.rela.fini)

.rel.rodata
 *(.rel.rodata)
 *(.rel.rodata.*)
 *(.rel.gnu.linkonce.r*)

.rela.rodata
 *(.rela.rodata)
 *(.rela.rodata.*)
 *(.rela.gnu.linkonce.r*)

.rel.data
 *(.rel.data)
 *(.rel.data.*)
 *(.rel.gnu.linkonce.d*)

.rela.data
 *(.rela.data)
 *(.rela.data.*)
 *(.rela.gnu.linkonce.d*)

.rel.ctors
 *(.rel.ctors)

.rela.ctors
 *(.rela.ctors)

.rel.dtors
 *(.rel.dtors)

.rela.dtors
 *(.rela.dtors)

.rel.got
 *(.rel.got)

.rela.got
 *(.rela.got)

.rel.bss
 *(.rel.bss)

.rela.bss
 *(.rela.bss)

.rel.plt
 *(.rel.plt)

.rela.plt
 *(.rela.plt)

.text           0x00000000     0x119e
 *(.vectors)
 .vectors       0x00000000       0x68 c:/avr/bin/../lib/gcc/avr/12.1.0/../../../../avr/lib/avr5/crtatmega328p.o
                0x00000000                __vector_default
                0x00000000                __vectors
 *(.vectors)
 *(.progmem.gcc*)
                0x00000068                . = ALIGN (0x2)
                0x00000068                __trampolines_start = .
 *(.trampolines)
 .trampolines   0x00000068        0x0 linker stubs
 *(.trampolines*)
                0x00000068                __trampolines_end = .
 *libprintf_flt.a:*(.progmem.data)
 *libc.a:*(.progmem.data)
 *(.progmem.*)
 .progmem.data  0x00000068        0xa bin/debug/max72xx.o
                0x00000068                max7219_initseq
                0x00000072                . = ALIGN (0x2)
 *(.lowtext)
 *(.lowtext*)
                0x00000072                __ctors_start = .
 *(.ctors)
                0x00000072                __ctors_end = .
                0x00000072                __dtors_start = .
 *(.dtors)
                0x00000072                __dtors_end = .
 SORT_BY_NAME(*)(.ctors)
 SORT_BY_NAME(*)(.dtors)
 *(.init0)
 .init0         0x00000072        0x0 c:/avr/bin/../lib/gcc/avr/12.1.0/../../../../avr/lib/avr5/crtatmega328p.o
                0x00000072                __init
 *(.init0)
 *(.init1)
 *(.init1)
 *(.init2)
 .init2         0x00000072        0xc c:/avr/bin/../lib/gcc/avr/12.1.0/../../../../avr/lib/avr5/crtatmega328p.o
 *(.init2)
 *(.init3)
 *(.init3)
 *(.init4)
 .init4         0x0000007e       0x16 c:/avr/bin/../lib/gcc/avr/12.1.0/avr5\libgcc.a(_copy_data.o)
                0x0000007e                __do_copy_data
 .init4         0x00000094       0x10 c:/avr/bin/../lib/gcc/avr/12.1.0/avr5\libgcc.a(_clear_bss.o)
                0x00000094                __do_clear_bss
 *(.init4)
 *(.init5)
 *(.init5)
 *(.init6)
 *(.init6)
 *(.init7)
 *(.init7)
 *(.init8)
 *(.init8)
 *(.init9)
 .init9         0x000000a4        0x8 c:/avr/bin/../lib/gcc/avr/12.1.0/../../../../avr/lib/avr5/crtatmega328p.o
 *(.init9)
 *(.text)
 .text          0x000000ac        0x4 c:/avr/bin/../lib/gcc/avr/12.1.0/../../../../avr/lib/avr5/crtatmega328p.o
                0x000000ac                __vector_22
                0x000000ac                __vector_1
                0x000000ac                __vector_24
                0x000000ac                __vector_12
                0x000000ac                __bad_interrupt
                0x000000ac                __vector_6
                0x000000ac                __vector_3
                0x000000ac                __vector_23
                0x000000ac                __vector_25
                0x000000ac                __vector_11
                0x000000ac                __vector_13
                0x000000ac                __vector_17
                0x000000ac                __vector_19
                0x000000ac                __vector_5
                0x000000ac                __vector_4
                0x000000ac                __vector_9
                0x000000ac                __vector_2
                0x000000ac                __vector_21
                0x000000ac                __vector_15
                0x000000ac                __vector_8
                0x000000ac                __vector_14
                0x000000ac                __vector_10
                0x000000ac                __vector_16
                0x000000ac                __vector_18
                0x000000ac                __vector_20
 .text          0x000000b0      0x336 bin/debug/main.o
                0x000000b0                drawSnake
                0x000000f8                clearSnake
                0x00000140                getNextSnakeDirection
                0x000001ea                checkIfSnakeHeadTouchesFood
                0x00000204                moveSnake
                0x000002aa                initSnake
                0x000002e0                isPositionOccupiedBySnake
                0x00000318                isPositionOccupiedBySnakeExceptHead
                0x00000352                setFoodPosition
                0x000003ca                drawFood
                0x000003d8                clearFood
 .text          0x000003e6      0x148 bin/debug/max72xx.o
                0x000003e6                max7219b_set
                0x00000406                max7219b_clr
                0x0000042e                max7219b_get
                0x0000043a                max7219_byte
                0x00000454                max7219_word
                0x0000048c                max7219_init
                0x000004c0                max7219b_out
                0x00000520                max7219_row
 .text          0x0000052e       0x6e bin/debug/uart.o
                0x0000052e                uart_putchar
                0x00000550                uart_getchar
                0x00000560                uart_init
                0x00000582                init_serial
 .text          0x0000059c       0x90 bin/debug/analogRead.o
                0x0000059c                analogRead
 .text          0x0000062c      0x14e bin/debug/millis.o
                0x0000062c                millis_init
                0x00000644                millis_get
                0x00000684                millis_resume
                0x0000069a                millis_pause
                0x000006b0                millis_reset
                0x000006c8                millis_add
                0x000006fe                millis_subtract
                0x00000734                __vector_7
 .text          0x0000077a        0x0 c:/avr/bin/../lib/gcc/avr/12.1.0/avr5\libgcc.a(_divmodhi4.o)
 .text          0x0000077a        0x0 c:/avr/bin/../lib/gcc/avr/12.1.0/avr5\libgcc.a(_exit.o)
 .text          0x0000077a        0x0 c:/avr/bin/../lib/gcc/avr/12.1.0/avr5\libgcc.a(_copy_data.o)
 .text          0x0000077a        0x0 c:/avr/bin/../lib/gcc/avr/12.1.0/avr5\libgcc.a(_clear_bss.o)
 .text          0x0000077a        0x0 c:/avr/bin/../lib/gcc/avr/12.1.0/avr5\libgcc.a(_udivmodhi4.o)
 .text          0x0000077a        0x0 c:/avr/bin/../lib/gcc/avr/12.1.0/../../../../avr/lib/avr5\libc.a(rand.o)
 .text          0x0000077a        0x0 c:/avr/bin/../lib/gcc/avr/12.1.0/../../../../avr/lib/avr5\libc.a(memmove.o)
 .text          0x0000077a        0x0 c:/avr/bin/../lib/gcc/avr/12.1.0/../../../../avr/lib/avr5\libc.a(iob.o)
 .text          0x0000077a        0x0 c:/avr/bin/../lib/gcc/avr/12.1.0/../../../../avr/lib/avr5\libc.a(printf.o)
 .text          0x0000077a       0x48 c:/avr/bin/../lib/gcc/avr/12.1.0/../../../../avr/lib/avr5\libc.a(time.o)
                0x0000077a                time
 .text          0x000007c2        0x0 c:/avr/bin/../lib/gcc/avr/12.1.0/../../../../avr/lib/avr5\libc.a(vfprintf_std.o)
 .text          0x000007c2        0x0 c:/avr/bin/../lib/gcc/avr/12.1.0/../../../../avr/lib/avr5\libc.a(strnlen_P.o)
 .text          0x000007c2        0x0 c:/avr/bin/../lib/gcc/avr/12.1.0/../../../../avr/lib/avr5\libc.a(memcpy.o)
 .text          0x000007c2        0x0 c:/avr/bin/../lib/gcc/avr/12.1.0/../../../../avr/lib/avr5\libc.a(strnlen.o)
 .text          0x000007c2        0x0 c:/avr/bin/../lib/gcc/avr/12.1.0/../../../../avr/lib/avr5\libc.a(fputc.o)
 .text          0x000007c2        0x0 c:/avr/bin/../lib/gcc/avr/12.1.0/../../../../avr/lib/avr5\libc.a(ultoa_invert.o)
 .text          0x000007c2        0x0 c:/avr/bin/../lib/gcc/avr/12.1.0/../../../../avr/lib/avr5\libc.a(system_time.o)
 .text          0x000007c2        0x0 c:/avr/bin/../lib/gcc/avr/12.1.0/avr5\libgcc.a(_divmodsi4.o)
 .text          0x000007c2        0x0 c:/avr/bin/../lib/gcc/avr/12.1.0/avr5\libgcc.a(_negsi2.o)
 .text          0x000007c2        0x0 c:/avr/bin/../lib/gcc/avr/12.1.0/avr5\libgcc.a(_muluhisi3.o)
 .text          0x000007c2        0x0 c:/avr/bin/../lib/gcc/avr/12.1.0/avr5\libgcc.a(_mulshisi3.o)
 .text          0x000007c2        0x0 c:/avr/bin/../lib/gcc/avr/12.1.0/avr5\libgcc.a(_prologue.o)
 .text          0x000007c2        0x0 c:/avr/bin/../lib/gcc/avr/12.1.0/avr5\libgcc.a(_epilogue.o)
 .text          0x000007c2        0x0 c:/avr/bin/../lib/gcc/avr/12.1.0/avr5\libgcc.a(_udivmodsi4.o)
 .text          0x000007c2        0x0 c:/avr/bin/../lib/gcc/avr/12.1.0/avr5\libgcc.a(_umulhisi3.o)
                0x000007c2                . = ALIGN (0x2)
 *(.text.*)
 .text.startup  0x000007c2      0x1c2 bin/debug/main.o
                0x000007c2                main
 .text.libgcc.mul
                0x00000984        0x0 c:/avr/bin/../lib/gcc/avr/12.1.0/avr5\libgcc.a(_divmodhi4.o)
 .text.libgcc.div
                0x00000984       0x28 c:/avr/bin/../lib/gcc/avr/12.1.0/avr5\libgcc.a(_divmodhi4.o)
                0x00000984                _div
                0x00000984                __divmodhi4
 .text.libgcc   0x000009ac        0x0 c:/avr/bin/../lib/gcc/avr/12.1.0/avr5\libgcc.a(_divmodhi4.o)
 .text.libgcc.prologue
                0x000009ac        0x0 c:/avr/bin/../lib/gcc/avr/12.1.0/avr5\libgcc.a(_divmodhi4.o)
 .text.libgcc.builtins
                0x000009ac        0x0 c:/avr/bin/../lib/gcc/avr/12.1.0/avr5\libgcc.a(_divmodhi4.o)
 .text.libgcc.fmul
                0x000009ac        0x0 c:/avr/bin/../lib/gcc/avr/12.1.0/avr5\libgcc.a(_divmodhi4.o)
 .text.libgcc.fixed
                0x000009ac        0x0 c:/avr/bin/../lib/gcc/avr/12.1.0/avr5\libgcc.a(_divmodhi4.o)
 .text.libgcc.mul
                0x000009ac        0x0 c:/avr/bin/../lib/gcc/avr/12.1.0/avr5\libgcc.a(_exit.o)
 .text.libgcc.div
                0x000009ac        0x0 c:/avr/bin/../lib/gcc/avr/12.1.0/avr5\libgcc.a(_exit.o)
 .text.libgcc   0x000009ac        0x0 c:/avr/bin/../lib/gcc/avr/12.1.0/avr5\libgcc.a(_exit.o)
 .text.libgcc.prologue
                0x000009ac        0x0 c:/avr/bin/../lib/gcc/avr/12.1.0/avr5\libgcc.a(_exit.o)
 .text.libgcc.builtins
                0x000009ac        0x0 c:/avr/bin/../lib/gcc/avr/12.1.0/avr5\libgcc.a(_exit.o)
 .text.libgcc.fmul
                0x000009ac        0x0 c:/avr/bin/../lib/gcc/avr/12.1.0/avr5\libgcc.a(_exit.o)
 .text.libgcc.fixed
                0x000009ac        0x0 c:/avr/bin/../lib/gcc/avr/12.1.0/avr5\libgcc.a(_exit.o)
 .text.libgcc.mul
                0x000009ac        0x0 c:/avr/bin/../lib/gcc/avr/12.1.0/avr5\libgcc.a(_copy_data.o)
 .text.libgcc.div
                0x000009ac        0x0 c:/avr/bin/../lib/gcc/avr/12.1.0/avr5\libgcc.a(_copy_data.o)
 .text.libgcc   0x000009ac        0x0 c:/avr/bin/../lib/gcc/avr/12.1.0/avr5\libgcc.a(_copy_data.o)
 .text.libgcc.prologue
                0x000009ac        0x0 c:/avr/bin/../lib/gcc/avr/12.1.0/avr5\libgcc.a(_copy_data.o)
 .text.libgcc.builtins
                0x000009ac        0x0 c:/avr/bin/../lib/gcc/avr/12.1.0/avr5\libgcc.a(_copy_data.o)
 .text.libgcc.fmul
                0x000009ac        0x0 c:/avr/bin/../lib/gcc/avr/12.1.0/avr5\libgcc.a(_copy_data.o)
 .text.libgcc.fixed
                0x000009ac        0x0 c:/avr/bin/../lib/gcc/avr/12.1.0/avr5\libgcc.a(_copy_data.o)
 .text.libgcc.mul
                0x000009ac        0x0 c:/avr/bin/../lib/gcc/avr/12.1.0/avr5\libgcc.a(_clear_bss.o)
 .text.libgcc.div
                0x000009ac        0x0 c:/avr/bin/../lib/gcc/avr/12.1.0/avr5\libgcc.a(_clear_bss.o)
 .text.libgcc   0x000009ac        0x0 c:/avr/bin/../lib/gcc/avr/12.1.0/avr5\libgcc.a(_clear_bss.o)
 .text.libgcc.prologue
                0x000009ac        0x0 c:/avr/bin/../lib/gcc/avr/12.1.0/avr5\libgcc.a(_clear_bss.o)
 .text.libgcc.builtins
                0x000009ac        0x0 c:/avr/bin/../lib/gcc/avr/12.1.0/avr5\libgcc.a(_clear_bss.o)
 .text.libgcc.fmul
                0x000009ac        0x0 c:/avr/bin/../lib/gcc/avr/12.1.0/avr5\libgcc.a(_clear_bss.o)
 .text.libgcc.fixed
                0x000009ac        0x0 c:/avr/bin/../lib/gcc/avr/12.1.0/avr5\libgcc.a(_clear_bss.o)
 .text.libgcc.mul
                0x000009ac        0x0 c:/avr/bin/../lib/gcc/avr/12.1.0/avr5\libgcc.a(_udivmodhi4.o)
 .text.libgcc.div
                0x000009ac       0x28 c:/avr/bin/../lib/gcc/avr/12.1.0/avr5\libgcc.a(_udivmodhi4.o)
                0x000009ac                __udivmodhi4
 .text.libgcc   0x000009d4        0x0 c:/avr/bin/../lib/gcc/avr/12.1.0/avr5\libgcc.a(_udivmodhi4.o)
 .text.libgcc.prologue
                0x000009d4        0x0 c:/avr/bin/../lib/gcc/avr/12.1.0/avr5\libgcc.a(_udivmodhi4.o)
 .text.libgcc.builtins
                0x000009d4        0x0 c:/avr/bin/../lib/gcc/avr/12.1.0/avr5\libgcc.a(_udivmodhi4.o)
 .text.libgcc.fmul
                0x000009d4        0x0 c:/avr/bin/../lib/gcc/avr/12.1.0/avr5\libgcc.a(_udivmodhi4.o)
 .text.libgcc.fixed
                0x000009d4        0x0 c:/avr/bin/../lib/gcc/avr/12.1.0/avr5\libgcc.a(_udivmodhi4.o)
 .text.avr-libc
                0x000009d4       0xe6 c:/avr/bin/../lib/gcc/avr/12.1.0/../../../../avr/lib/avr5\libc.a(rand.o)
                0x00000a94                rand_r
                0x00000a9a                rand
                0x00000aa4                srand
 .text.avr-libc
                0x00000aba       0x24 c:/avr/bin/../lib/gcc/avr/12.1.0/../../../../avr/lib/avr5\libc.a(memmove.o)
                0x00000aba                memmove
 .text.avr-libc
                0x00000ade       0x2c c:/avr/bin/../lib/gcc/avr/12.1.0/../../../../avr/lib/avr5\libc.a(printf.o)
                0x00000ade                printf
 .text.avr-libc
                0x00000b0a      0x402 c:/avr/bin/../lib/gcc/avr/12.1.0/../../../../avr/lib/avr5\libc.a(vfprintf_std.o)
                0x00000b0a                vfprintf
 .text.avr-libc
                0x00000f0c       0x16 c:/avr/bin/../lib/gcc/avr/12.1.0/../../../../avr/lib/avr5\libc.a(strnlen_P.o)
                0x00000f0c                strnlen_P
 .text.avr-libc
                0x00000f22       0x12 c:/avr/bin/../lib/gcc/avr/12.1.0/../../../../avr/lib/avr5\libc.a(memcpy.o)
                0x00000f22                memcpy
 .text.avr-libc
                0x00000f34       0x16 c:/avr/bin/../lib/gcc/avr/12.1.0/../../../../avr/lib/avr5\libc.a(strnlen.o)
                0x00000f34                strnlen
 .text.avr-libc
                0x00000f4a       0x60 c:/avr/bin/../lib/gcc/avr/12.1.0/../../../../avr/lib/avr5\libc.a(fputc.o)
                0x00000f4a                fputc
 .text.avr-libc
                0x00000faa       0xbc c:/avr/bin/../lib/gcc/avr/12.1.0/../../../../avr/lib/avr5\libc.a(ultoa_invert.o)
                0x00000faa                __ultoa_invert
 .text.libgcc.mul
                0x00001066        0x0 c:/avr/bin/../lib/gcc/avr/12.1.0/avr5\libgcc.a(_divmodsi4.o)
 .text.libgcc.div
                0x00001066       0x2e c:/avr/bin/../lib/gcc/avr/12.1.0/avr5\libgcc.a(_divmodsi4.o)
                0x00001066                __divmodsi4
 .text.libgcc   0x00001094        0x0 c:/avr/bin/../lib/gcc/avr/12.1.0/avr5\libgcc.a(_divmodsi4.o)
 .text.libgcc.prologue
                0x00001094        0x0 c:/avr/bin/../lib/gcc/avr/12.1.0/avr5\libgcc.a(_divmodsi4.o)
 .text.libgcc.builtins
                0x00001094        0x0 c:/avr/bin/../lib/gcc/avr/12.1.0/avr5\libgcc.a(_divmodsi4.o)
 .text.libgcc.fmul
                0x00001094        0x0 c:/avr/bin/../lib/gcc/avr/12.1.0/avr5\libgcc.a(_divmodsi4.o)
 .text.libgcc.fixed
                0x00001094        0x0 c:/avr/bin/../lib/gcc/avr/12.1.0/avr5\libgcc.a(_divmodsi4.o)
 .text.libgcc.mul
                0x00001094        0x0 c:/avr/bin/../lib/gcc/avr/12.1.0/avr5\libgcc.a(_negsi2.o)
 .text.libgcc.div
                0x00001094       0x10 c:/avr/bin/../lib/gcc/avr/12.1.0/avr5\libgcc.a(_negsi2.o)
                0x00001094                __negsi2
 .text.libgcc   0x000010a4        0x0 c:/avr/bin/../lib/gcc/avr/12.1.0/avr5\libgcc.a(_negsi2.o)
 .text.libgcc.prologue
                0x000010a4        0x0 c:/avr/bin/../lib/gcc/avr/12.1.0/avr5\libgcc.a(_negsi2.o)
 .text.libgcc.builtins
                0x000010a4        0x0 c:/avr/bin/../lib/gcc/avr/12.1.0/avr5\libgcc.a(_negsi2.o)
 .text.libgcc.fmul
                0x000010a4        0x0 c:/avr/bin/../lib/gcc/avr/12.1.0/avr5\libgcc.a(_negsi2.o)
 .text.libgcc.fixed
                0x000010a4        0x0 c:/avr/bin/../lib/gcc/avr/12.1.0/avr5\libgcc.a(_negsi2.o)
 .text.libgcc.mul
                0x000010a4       0x16 c:/avr/bin/../lib/gcc/avr/12.1.0/avr5\libgcc.a(_muluhisi3.o)
                0x000010a4                __muluhisi3
 .text.libgcc.div
                0x000010ba        0x0 c:/avr/bin/../lib/gcc/avr/12.1.0/avr5\libgcc.a(_muluhisi3.o)
 .text.libgcc   0x000010ba        0x0 c:/avr/bin/../lib/gcc/avr/12.1.0/avr5\libgcc.a(_muluhisi3.o)
 .text.libgcc.prologue
                0x000010ba        0x0 c:/avr/bin/../lib/gcc/avr/12.1.0/avr5\libgcc.a(_muluhisi3.o)
 .text.libgcc.builtins
                0x000010ba        0x0 c:/avr/bin/../lib/gcc/avr/12.1.0/avr5\libgcc.a(_muluhisi3.o)
 .text.libgcc.fmul
                0x000010ba        0x0 c:/avr/bin/../lib/gcc/avr/12.1.0/avr5\libgcc.a(_muluhisi3.o)
 .text.libgcc.fixed
                0x000010ba        0x0 c:/avr/bin/../lib/gcc/avr/12.1.0/avr5\libgcc.a(_muluhisi3.o)
 .text.libgcc.mul
                0x000010ba       0x10 c:/avr/bin/../lib/gcc/avr/12.1.0/avr5\libgcc.a(_mulshisi3.o)
                0x000010ba                __mulshisi3
                0x000010c0                __mulohisi3
 .text.libgcc.div
                0x000010ca        0x0 c:/avr/bin/../lib/gcc/avr/12.1.0/avr5\libgcc.a(_mulshisi3.o)
 .text.libgcc   0x000010ca        0x0 c:/avr/bin/../lib/gcc/avr/12.1.0/avr5\libgcc.a(_mulshisi3.o)
 .text.libgcc.prologue
                0x000010ca        0x0 c:/avr/bin/../lib/gcc/avr/12.1.0/avr5\libgcc.a(_mulshisi3.o)
 .text.libgcc.builtins
                0x000010ca        0x0 c:/avr/bin/../lib/gcc/avr/12.1.0/avr5\libgcc.a(_mulshisi3.o)
 .text.libgcc.fmul
                0x000010ca        0x0 c:/avr/bin/../lib/gcc/avr/12.1.0/avr5\libgcc.a(_mulshisi3.o)
 .text.libgcc.fixed
                0x000010ca        0x0 c:/avr/bin/../lib/gcc/avr/12.1.0/avr5\libgcc.a(_mulshisi3.o)
 .text.libgcc.mul
                0x000010ca        0x0 c:/avr/bin/../lib/gcc/avr/12.1.0/avr5\libgcc.a(_prologue.o)
 .text.libgcc.div
                0x000010ca        0x0 c:/avr/bin/../lib/gcc/avr/12.1.0/avr5\libgcc.a(_prologue.o)
 .text.libgcc   0x000010ca        0x0 c:/avr/bin/../lib/gcc/avr/12.1.0/avr5\libgcc.a(_prologue.o)
 .text.libgcc.prologue
                0x000010ca       0x38 c:/avr/bin/../lib/gcc/avr/12.1.0/avr5\libgcc.a(_prologue.o)
                0x000010ca                __prologue_saves__
 .text.libgcc.builtins
                0x00001102        0x0 c:/avr/bin/../lib/gcc/avr/12.1.0/avr5\libgcc.a(_prologue.o)
 .text.libgcc.fmul
                0x00001102        0x0 c:/avr/bin/../lib/gcc/avr/12.1.0/avr5\libgcc.a(_prologue.o)
 .text.libgcc.fixed
                0x00001102        0x0 c:/avr/bin/../lib/gcc/avr/12.1.0/avr5\libgcc.a(_prologue.o)
 .text.libgcc.mul
                0x00001102        0x0 c:/avr/bin/../lib/gcc/avr/12.1.0/avr5\libgcc.a(_epilogue.o)
 .text.libgcc.div
                0x00001102        0x0 c:/avr/bin/../lib/gcc/avr/12.1.0/avr5\libgcc.a(_epilogue.o)
 .text.libgcc   0x00001102        0x0 c:/avr/bin/../lib/gcc/avr/12.1.0/avr5\libgcc.a(_epilogue.o)
 .text.libgcc.prologue
                0x00001102       0x36 c:/avr/bin/../lib/gcc/avr/12.1.0/avr5\libgcc.a(_epilogue.o)
                0x00001102                __epilogue_restores__
 .text.libgcc.builtins
                0x00001138        0x0 c:/avr/bin/../lib/gcc/avr/12.1.0/avr5\libgcc.a(_epilogue.o)
 .text.libgcc.fmul
                0x00001138        0x0 c:/avr/bin/../lib/gcc/avr/12.1.0/avr5\libgcc.a(_epilogue.o)
 .text.libgcc.fixed
                0x00001138        0x0 c:/avr/bin/../lib/gcc/avr/12.1.0/avr5\libgcc.a(_epilogue.o)
 .text.libgcc.mul
                0x00001138        0x0 c:/avr/bin/../lib/gcc/avr/12.1.0/avr5\libgcc.a(_udivmodsi4.o)
 .text.libgcc.div
                0x00001138       0x44 c:/avr/bin/../lib/gcc/avr/12.1.0/avr5\libgcc.a(_udivmodsi4.o)
                0x00001138                __udivmodsi4
 .text.libgcc   0x0000117c        0x0 c:/avr/bin/../lib/gcc/avr/12.1.0/avr5\libgcc.a(_udivmodsi4.o)
 .text.libgcc.prologue
                0x0000117c        0x0 c:/avr/bin/../lib/gcc/avr/12.1.0/avr5\libgcc.a(_udivmodsi4.o)
 .text.libgcc.builtins
                0x0000117c        0x0 c:/avr/bin/../lib/gcc/avr/12.1.0/avr5\libgcc.a(_udivmodsi4.o)
 .text.libgcc.fmul
                0x0000117c        0x0 c:/avr/bin/../lib/gcc/avr/12.1.0/avr5\libgcc.a(_udivmodsi4.o)
 .text.libgcc.fixed
                0x0000117c        0x0 c:/avr/bin/../lib/gcc/avr/12.1.0/avr5\libgcc.a(_udivmodsi4.o)
 .text.libgcc.mul
                0x0000117c       0x1e c:/avr/bin/../lib/gcc/avr/12.1.0/avr5\libgcc.a(_umulhisi3.o)
                0x0000117c                __umulhisi3
 .text.libgcc.div
                0x0000119a        0x0 c:/avr/bin/../lib/gcc/avr/12.1.0/avr5\libgcc.a(_umulhisi3.o)
 .text.libgcc   0x0000119a        0x0 c:/avr/bin/../lib/gcc/avr/12.1.0/avr5\libgcc.a(_umulhisi3.o)
 .text.libgcc.prologue
                0x0000119a        0x0 c:/avr/bin/../lib/gcc/avr/12.1.0/avr5\libgcc.a(_umulhisi3.o)
 .text.libgcc.builtins
                0x0000119a        0x0 c:/avr/bin/../lib/gcc/avr/12.1.0/avr5\libgcc.a(_umulhisi3.o)
 .text.libgcc.fmul
                0x0000119a        0x0 c:/avr/bin/../lib/gcc/avr/12.1.0/avr5\libgcc.a(_umulhisi3.o)
 .text.libgcc.fixed
                0x0000119a        0x0 c:/avr/bin/../lib/gcc/avr/12.1.0/avr5\libgcc.a(_umulhisi3.o)
                0x0000119a                . = ALIGN (0x2)
 *(.fini9)
 .fini9         0x0000119a        0x0 c:/avr/bin/../lib/gcc/avr/12.1.0/avr5\libgcc.a(_exit.o)
                0x0000119a                _exit
                0x0000119a                exit
 *(.fini9)
 *(.fini8)
 *(.fini8)
 *(.fini7)
 *(.fini7)
 *(.fini6)
 *(.fini6)
 *(.fini5)
 *(.fini5)
 *(.fini4)
 *(.fini4)
 *(.fini3)
 *(.fini3)
 *(.fini2)
 *(.fini2)
 *(.fini1)
 *(.fini1)
 *(.fini0)
 .fini0         0x0000119a        0x4 c:/avr/bin/../lib/gcc/avr/12.1.0/avr5\libgcc.a(_exit.o)
 *(.fini0)
 *(.hightext)
 *(.hightext*)
 *(.progmemx.*)
                0x0000119e                . = ALIGN (0x2)
 *(.jumptables)
 *(.jumptables*)
                0x0000119e                _etext = .

.data           0x00800100       0x66 load address 0x0000119e
                0x00800100                PROVIDE (__data_start = .)
 *(.data)
 .data          0x00800100        0x0 c:/avr/bin/../lib/gcc/avr/12.1.0/../../../../avr/lib/avr5/crtatmega328p.o
 .data          0x00800100        0x0 bin/debug/main.o
 .data          0x00800100        0x0 bin/debug/max72xx.o
 .data          0x00800100       0x1c bin/debug/uart.o
                0x00800100                uart_input
                0x0080010e                uart_output
 .data          0x0080011c        0x0 bin/debug/analogRead.o
 .data          0x0080011c        0x0 bin/debug/millis.o
 .data          0x0080011c        0x0 c:/avr/bin/../lib/gcc/avr/12.1.0/avr5\libgcc.a(_divmodhi4.o)
 .data          0x0080011c        0x0 c:/avr/bin/../lib/gcc/avr/12.1.0/avr5\libgcc.a(_exit.o)
 .data          0x0080011c        0x0 c:/avr/bin/../lib/gcc/avr/12.1.0/avr5\libgcc.a(_copy_data.o)
 .data          0x0080011c        0x0 c:/avr/bin/../lib/gcc/avr/12.1.0/avr5\libgcc.a(_clear_bss.o)
 .data          0x0080011c        0x0 c:/avr/bin/../lib/gcc/avr/12.1.0/avr5\libgcc.a(_udivmodhi4.o)
 .data          0x0080011c        0x4 c:/avr/bin/../lib/gcc/avr/12.1.0/../../../../avr/lib/avr5\libc.a(rand.o)
 .data          0x00800120        0x0 c:/avr/bin/../lib/gcc/avr/12.1.0/../../../../avr/lib/avr5\libc.a(memmove.o)
 .data          0x00800120        0x0 c:/avr/bin/../lib/gcc/avr/12.1.0/../../../../avr/lib/avr5\libc.a(iob.o)
 .data          0x00800120        0x0 c:/avr/bin/../lib/gcc/avr/12.1.0/../../../../avr/lib/avr5\libc.a(printf.o)
 .data          0x00800120        0x0 c:/avr/bin/../lib/gcc/avr/12.1.0/../../../../avr/lib/avr5\libc.a(time.o)
 .data          0x00800120        0x0 c:/avr/bin/../lib/gcc/avr/12.1.0/../../../../avr/lib/avr5\libc.a(vfprintf_std.o)
 .data          0x00800120        0x0 c:/avr/bin/../lib/gcc/avr/12.1.0/../../../../avr/lib/avr5\libc.a(strnlen_P.o)
 .data          0x00800120        0x0 c:/avr/bin/../lib/gcc/avr/12.1.0/../../../../avr/lib/avr5\libc.a(memcpy.o)
 .data          0x00800120        0x0 c:/avr/bin/../lib/gcc/avr/12.1.0/../../../../avr/lib/avr5\libc.a(strnlen.o)
 .data          0x00800120        0x0 c:/avr/bin/../lib/gcc/avr/12.1.0/../../../../avr/lib/avr5\libc.a(fputc.o)
 .data          0x00800120        0x0 c:/avr/bin/../lib/gcc/avr/12.1.0/../../../../avr/lib/avr5\libc.a(ultoa_invert.o)
 .data          0x00800120        0x0 c:/avr/bin/../lib/gcc/avr/12.1.0/../../../../avr/lib/avr5\libc.a(system_time.o)
 .data          0x00800120        0x0 c:/avr/bin/../lib/gcc/avr/12.1.0/avr5\libgcc.a(_divmodsi4.o)
 .data          0x00800120        0x0 c:/avr/bin/../lib/gcc/avr/12.1.0/avr5\libgcc.a(_negsi2.o)
 .data          0x00800120        0x0 c:/avr/bin/../lib/gcc/avr/12.1.0/avr5\libgcc.a(_muluhisi3.o)
 .data          0x00800120        0x0 c:/avr/bin/../lib/gcc/avr/12.1.0/avr5\libgcc.a(_mulshisi3.o)
 .data          0x00800120        0x0 c:/avr/bin/../lib/gcc/avr/12.1.0/avr5\libgcc.a(_prologue.o)
 .data          0x00800120        0x0 c:/avr/bin/../lib/gcc/avr/12.1.0/avr5\libgcc.a(_epilogue.o)
 .data          0x00800120        0x0 c:/avr/bin/../lib/gcc/avr/12.1.0/avr5\libgcc.a(_udivmodsi4.o)
 .data          0x00800120        0x0 c:/avr/bin/../lib/gcc/avr/12.1.0/avr5\libgcc.a(_umulhisi3.o)
 *(.data*)
 *(.gnu.linkonce.d*)
 *(.rodata)
 *(.rodata*)
 .rodata.str1.1
                0x00800120       0x46 bin/debug/main.o
 *(.gnu.linkonce.r*)
                0x00800166                . = ALIGN (0x2)
                0x00800166                _edata = .
                0x00800166                PROVIDE (__data_end = .)

.bss            0x00800166       0x1e
                0x00800166                PROVIDE (__bss_start = .)
 *(.bss)
 .bss           0x00800166        0x0 c:/avr/bin/../lib/gcc/avr/12.1.0/../../../../avr/lib/avr5/crtatmega328p.o
 .bss           0x00800166        0x0 bin/debug/main.o
 .bss           0x00800166       0x10 bin/debug/max72xx.o
                0x00800166                max7219_buffer
 .bss           0x00800176        0x0 bin/debug/uart.o
 .bss           0x00800176        0x0 bin/debug/analogRead.o
 .bss           0x00800176        0x4 bin/debug/millis.o
 .bss           0x0080017a        0x0 c:/avr/bin/../lib/gcc/avr/12.1.0/avr5\libgcc.a(_divmodhi4.o)
 .bss           0x0080017a        0x0 c:/avr/bin/../lib/gcc/avr/12.1.0/avr5\libgcc.a(_exit.o)
 .bss           0x0080017a        0x0 c:/avr/bin/../lib/gcc/avr/12.1.0/avr5\libgcc.a(_copy_data.o)
 .bss           0x0080017a        0x0 c:/avr/bin/../lib/gcc/avr/12.1.0/avr5\libgcc.a(_clear_bss.o)
 .bss           0x0080017a        0x0 c:/avr/bin/../lib/gcc/avr/12.1.0/avr5\libgcc.a(_udivmodhi4.o)
 .bss           0x0080017a        0x0 c:/avr/bin/../lib/gcc/avr/12.1.0/../../../../avr/lib/avr5\libc.a(rand.o)
 .bss           0x0080017a        0x0 c:/avr/bin/../lib/gcc/avr/12.1.0/../../../../avr/lib/avr5\libc.a(memmove.o)
 .bss           0x0080017a        0x6 c:/avr/bin/../lib/gcc/avr/12.1.0/../../../../avr/lib/avr5\libc.a(iob.o)
                0x0080017a                __iob
 .bss           0x00800180        0x0 c:/avr/bin/../lib/gcc/avr/12.1.0/../../../../avr/lib/avr5\libc.a(printf.o)
 .bss           0x00800180        0x0 c:/avr/bin/../lib/gcc/avr/12.1.0/../../../../avr/lib/avr5\libc.a(time.o)
 .bss           0x00800180        0x0 c:/avr/bin/../lib/gcc/avr/12.1.0/../../../../avr/lib/avr5\libc.a(vfprintf_std.o)
 .bss           0x00800180        0x0 c:/avr/bin/../lib/gcc/avr/12.1.0/../../../../avr/lib/avr5\libc.a(strnlen_P.o)
 .bss           0x00800180        0x0 c:/avr/bin/../lib/gcc/avr/12.1.0/../../../../avr/lib/avr5\libc.a(memcpy.o)
 .bss           0x00800180        0x0 c:/avr/bin/../lib/gcc/avr/12.1.0/../../../../avr/lib/avr5\libc.a(strnlen.o)
 .bss           0x00800180        0x0 c:/avr/bin/../lib/gcc/avr/12.1.0/../../../../avr/lib/avr5\libc.a(fputc.o)
 .bss           0x00800180        0x0 c:/avr/bin/../lib/gcc/avr/12.1.0/../../../../avr/lib/avr5\libc.a(ultoa_invert.o)
 .bss           0x00800180        0x4 c:/avr/bin/../lib/gcc/avr/12.1.0/../../../../avr/lib/avr5\libc.a(system_time.o)
                0x00800180                __system_time
 .bss           0x00800184        0x0 c:/avr/bin/../lib/gcc/avr/12.1.0/avr5\libgcc.a(_divmodsi4.o)
 .bss           0x00800184        0x0 c:/avr/bin/../lib/gcc/avr/12.1.0/avr5\libgcc.a(_negsi2.o)
 .bss           0x00800184        0x0 c:/avr/bin/../lib/gcc/avr/12.1.0/avr5\libgcc.a(_muluhisi3.o)
 .bss           0x00800184        0x0 c:/avr/bin/../lib/gcc/avr/12.1.0/avr5\libgcc.a(_mulshisi3.o)
 .bss           0x00800184        0x0 c:/avr/bin/../lib/gcc/avr/12.1.0/avr5\libgcc.a(_prologue.o)
 .bss           0x00800184        0x0 c:/avr/bin/../lib/gcc/avr/12.1.0/avr5\libgcc.a(_epilogue.o)
 .bss           0x00800184        0x0 c:/avr/bin/../lib/gcc/avr/12.1.0/avr5\libgcc.a(_udivmodsi4.o)
 .bss           0x00800184        0x0 c:/avr/bin/../lib/gcc/avr/12.1.0/avr5\libgcc.a(_umulhisi3.o)
 *(.bss*)
 *(COMMON)
                0x00800184                PROVIDE (__bss_end = .)
                0x0000119e                __data_load_start = LOADADDR (.data)
                0x00001204                __data_load_end = (__data_load_start + SIZEOF (.data))

.noinit         0x00800184        0x0
                [!provide]                PROVIDE (__noinit_start = .)
 *(.noinit .noinit.* .gnu.linkonce.n.*)
                [!provide]                PROVIDE (__noinit_end = .)
                0x00800184                _end = .
                [!provide]                PROVIDE (__heap_start = .)

.eeprom         0x00810000        0x0
 *(.eeprom*)
                0x00810000                __eeprom_end = .

.fuse
 *(.fuse)
 *(.lfuse)
 *(.hfuse)
 *(.efuse)

.lock
 *(.lock*)

.signature
 *(.signature*)

.stab
 *(.stab)

.stabstr
 *(.stabstr)

.stab.excl
 *(.stab.excl)

.stab.exclstr
 *(.stab.exclstr)

.stab.index
 *(.stab.index)

.stab.indexstr
 *(.stab.indexstr)

.comment        0x00000000       0x12
 *(.comment)
 .comment       0x00000000       0x12 bin/debug/main.o
                                 0x13 (size before relaxing)
 .comment       0x00000012       0x13 bin/debug/max72xx.o
 .comment       0x00000012       0x13 bin/debug/uart.o
 .comment       0x00000012       0x13 bin/debug/analogRead.o
 .comment       0x00000012       0x13 bin/debug/millis.o
 .comment       0x00000012       0x13 c:/avr/bin/../lib/gcc/avr/12.1.0/../../../../avr/lib/avr5\libc.a(rand.o)
 .comment       0x00000012       0x13 c:/avr/bin/../lib/gcc/avr/12.1.0/../../../../avr/lib/avr5\libc.a(iob.o)
 .comment       0x00000012       0x13 c:/avr/bin/../lib/gcc/avr/12.1.0/../../../../avr/lib/avr5\libc.a(printf.o)
 .comment       0x00000012       0x13 c:/avr/bin/../lib/gcc/avr/12.1.0/../../../../avr/lib/avr5\libc.a(time.o)
 .comment       0x00000012       0x13 c:/avr/bin/../lib/gcc/avr/12.1.0/../../../../avr/lib/avr5\libc.a(vfprintf_std.o)
 .comment       0x00000012       0x13 c:/avr/bin/../lib/gcc/avr/12.1.0/../../../../avr/lib/avr5\libc.a(fputc.o)
 .comment       0x00000012       0x13 c:/avr/bin/../lib/gcc/avr/12.1.0/../../../../avr/lib/avr5\libc.a(system_time.o)

.note.gnu.avr.deviceinfo
                0x00000000       0x40
 .note.gnu.avr.deviceinfo
                0x00000000       0x40 c:/avr/bin/../lib/gcc/avr/12.1.0/../../../../avr/lib/avr5/crtatmega328p.o

.note.gnu.build-id
 *(.note.gnu.build-id)

.debug
 *(.debug)

.line
 *(.line)

.debug_srcinfo
 *(.debug_srcinfo)

.debug_sfnames
 *(.debug_sfnames)

.debug_aranges  0x00000000      0x1a0
 *(.debug_aranges)
 .debug_aranges
                0x00000000       0x20 c:/avr/bin/../lib/gcc/avr/12.1.0/avr5\libgcc.a(_divmodhi4.o)
 .debug_aranges
                0x00000020       0x20 c:/avr/bin/../lib/gcc/avr/12.1.0/avr5\libgcc.a(_exit.o)
 .debug_aranges
                0x00000040       0x20 c:/avr/bin/../lib/gcc/avr/12.1.0/avr5\libgcc.a(_copy_data.o)
 .debug_aranges
                0x00000060       0x20 c:/avr/bin/../lib/gcc/avr/12.1.0/avr5\libgcc.a(_clear_bss.o)
 .debug_aranges
                0x00000080       0x20 c:/avr/bin/../lib/gcc/avr/12.1.0/avr5\libgcc.a(_udivmodhi4.o)
 .debug_aranges
                0x000000a0       0x20 c:/avr/bin/../lib/gcc/avr/12.1.0/avr5\libgcc.a(_divmodsi4.o)
 .debug_aranges
                0x000000c0       0x20 c:/avr/bin/../lib/gcc/avr/12.1.0/avr5\libgcc.a(_negsi2.o)
 .debug_aranges
                0x000000e0       0x20 c:/avr/bin/../lib/gcc/avr/12.1.0/avr5\libgcc.a(_muluhisi3.o)
 .debug_aranges
                0x00000100       0x20 c:/avr/bin/../lib/gcc/avr/12.1.0/avr5\libgcc.a(_mulshisi3.o)
 .debug_aranges
                0x00000120       0x20 c:/avr/bin/../lib/gcc/avr/12.1.0/avr5\libgcc.a(_prologue.o)
 .debug_aranges
                0x00000140       0x20 c:/avr/bin/../lib/gcc/avr/12.1.0/avr5\libgcc.a(_epilogue.o)
 .debug_aranges
                0x00000160       0x20 c:/avr/bin/../lib/gcc/avr/12.1.0/avr5\libgcc.a(_udivmodsi4.o)
 .debug_aranges
                0x00000180       0x20 c:/avr/bin/../lib/gcc/avr/12.1.0/avr5\libgcc.a(_umulhisi3.o)

.debug_pubnames
 *(.debug_pubnames)

.debug_info     0x00000000      0x7c8
 *(.debug_info .gnu.linkonce.wi.*)
 .debug_info    0x00000000      0x5f4 c:/avr/bin/../lib/gcc/avr/12.1.0/../../../../avr/lib/avr5/crtatmega328p.o
 .debug_info    0x000005f4       0x24 c:/avr/bin/../lib/gcc/avr/12.1.0/avr5\libgcc.a(_divmodhi4.o)
 .debug_info    0x00000618       0x24 c:/avr/bin/../lib/gcc/avr/12.1.0/avr5\libgcc.a(_exit.o)
 .debug_info    0x0000063c       0x24 c:/avr/bin/../lib/gcc/avr/12.1.0/avr5\libgcc.a(_copy_data.o)
 .debug_info    0x00000660       0x24 c:/avr/bin/../lib/gcc/avr/12.1.0/avr5\libgcc.a(_clear_bss.o)
 .debug_info    0x00000684       0x24 c:/avr/bin/../lib/gcc/avr/12.1.0/avr5\libgcc.a(_udivmodhi4.o)
 .debug_info    0x000006a8       0x24 c:/avr/bin/../lib/gcc/avr/12.1.0/avr5\libgcc.a(_divmodsi4.o)
 .debug_info    0x000006cc       0x24 c:/avr/bin/../lib/gcc/avr/12.1.0/avr5\libgcc.a(_negsi2.o)
 .debug_info    0x000006f0       0x24 c:/avr/bin/../lib/gcc/avr/12.1.0/avr5\libgcc.a(_muluhisi3.o)
 .debug_info    0x00000714       0x24 c:/avr/bin/../lib/gcc/avr/12.1.0/avr5\libgcc.a(_mulshisi3.o)
 .debug_info    0x00000738       0x24 c:/avr/bin/../lib/gcc/avr/12.1.0/avr5\libgcc.a(_prologue.o)
 .debug_info    0x0000075c       0x24 c:/avr/bin/../lib/gcc/avr/12.1.0/avr5\libgcc.a(_epilogue.o)
 .debug_info    0x00000780       0x24 c:/avr/bin/../lib/gcc/avr/12.1.0/avr5\libgcc.a(_udivmodsi4.o)
 .debug_info    0x000007a4       0x24 c:/avr/bin/../lib/gcc/avr/12.1.0/avr5\libgcc.a(_umulhisi3.o)

.debug_abbrev   0x00000000      0x6a6
 *(.debug_abbrev)
 .debug_abbrev  0x00000000      0x5a2 c:/avr/bin/../lib/gcc/avr/12.1.0/../../../../avr/lib/avr5/crtatmega328p.o
 .debug_abbrev  0x000005a2       0x14 c:/avr/bin/../lib/gcc/avr/12.1.0/avr5\libgcc.a(_divmodhi4.o)
 .debug_abbrev  0x000005b6       0x14 c:/avr/bin/../lib/gcc/avr/12.1.0/avr5\libgcc.a(_exit.o)
 .debug_abbrev  0x000005ca       0x14 c:/avr/bin/../lib/gcc/avr/12.1.0/avr5\libgcc.a(_copy_data.o)
 .debug_abbrev  0x000005de       0x14 c:/avr/bin/../lib/gcc/avr/12.1.0/avr5\libgcc.a(_clear_bss.o)
 .debug_abbrev  0x000005f2       0x14 c:/avr/bin/../lib/gcc/avr/12.1.0/avr5\libgcc.a(_udivmodhi4.o)
 .debug_abbrev  0x00000606       0x14 c:/avr/bin/../lib/gcc/avr/12.1.0/avr5\libgcc.a(_divmodsi4.o)
 .debug_abbrev  0x0000061a       0x14 c:/avr/bin/../lib/gcc/avr/12.1.0/avr5\libgcc.a(_negsi2.o)
 .debug_abbrev  0x0000062e       0x14 c:/avr/bin/../lib/gcc/avr/12.1.0/avr5\libgcc.a(_muluhisi3.o)
 .debug_abbrev  0x00000642       0x14 c:/avr/bin/../lib/gcc/avr/12.1.0/avr5\libgcc.a(_mulshisi3.o)
 .debug_abbrev  0x00000656       0x14 c:/avr/bin/../lib/gcc/avr/12.1.0/avr5\libgcc.a(_prologue.o)
 .debug_abbrev  0x0000066a       0x14 c:/avr/bin/../lib/gcc/avr/12.1.0/avr5\libgcc.a(_epilogue.o)
 .debug_abbrev  0x0000067e       0x14 c:/avr/bin/../lib/gcc/avr/12.1.0/avr5\libgcc.a(_udivmodsi4.o)
 .debug_abbrev  0x00000692       0x14 c:/avr/bin/../lib/gcc/avr/12.1.0/avr5\libgcc.a(_umulhisi3.o)

.debug_line     0x00000000      0x85a
 *(.debug_line .debug_line.* .debug_line_end)
 .debug_line    0x00000000       0x1d c:/avr/bin/../lib/gcc/avr/12.1.0/../../../../avr/lib/avr5/crtatmega328p.o
 .debug_line    0x0000001d       0xb7 c:/avr/bin/../lib/gcc/avr/12.1.0/avr5\libgcc.a(_divmodhi4.o)
 .debug_line    0x000000d4       0x51 c:/avr/bin/../lib/gcc/avr/12.1.0/avr5\libgcc.a(_exit.o)
 .debug_line    0x00000125       0x87 c:/avr/bin/../lib/gcc/avr/12.1.0/avr5\libgcc.a(_copy_data.o)
 .debug_line    0x000001ac       0x75 c:/avr/bin/../lib/gcc/avr/12.1.0/avr5\libgcc.a(_clear_bss.o)
 .debug_line    0x00000221       0xbd c:/avr/bin/../lib/gcc/avr/12.1.0/avr5\libgcc.a(_udivmodhi4.o)
 .debug_line    0x000002de       0xbd c:/avr/bin/../lib/gcc/avr/12.1.0/avr5\libgcc.a(_divmodsi4.o)
 .debug_line    0x0000039b       0x51 c:/avr/bin/../lib/gcc/avr/12.1.0/avr5\libgcc.a(_negsi2.o)
 .debug_line    0x000003ec       0x81 c:/avr/bin/../lib/gcc/avr/12.1.0/avr5\libgcc.a(_muluhisi3.o)
 .debug_line    0x0000046d       0x69 c:/avr/bin/../lib/gcc/avr/12.1.0/avr5\libgcc.a(_mulshisi3.o)
 .debug_line    0x000004d6       0xed c:/avr/bin/../lib/gcc/avr/12.1.0/avr5\libgcc.a(_prologue.o)
 .debug_line    0x000005c3       0xe7 c:/avr/bin/../lib/gcc/avr/12.1.0/avr5\libgcc.a(_epilogue.o)
 .debug_line    0x000006aa      0x111 c:/avr/bin/../lib/gcc/avr/12.1.0/avr5\libgcc.a(_udivmodsi4.o)
 .debug_line    0x000007bb       0x9f c:/avr/bin/../lib/gcc/avr/12.1.0/avr5\libgcc.a(_umulhisi3.o)

.debug_frame
 *(.debug_frame)

.debug_str      0x00000000      0x26a
 *(.debug_str)
 .debug_str     0x00000000      0x20b c:/avr/bin/../lib/gcc/avr/12.1.0/../../../../avr/lib/avr5/crtatmega328p.o
 .debug_str     0x0000020b       0x5f c:/avr/bin/../lib/gcc/avr/12.1.0/avr5\libgcc.a(_divmodhi4.o)
 .debug_str     0x0000026a       0x5f c:/avr/bin/../lib/gcc/avr/12.1.0/avr5\libgcc.a(_exit.o)
 .debug_str     0x0000026a       0x5f c:/avr/bin/../lib/gcc/avr/12.1.0/avr5\libgcc.a(_copy_data.o)
 .debug_str     0x0000026a       0x5f c:/avr/bin/../lib/gcc/avr/12.1.0/avr5\libgcc.a(_clear_bss.o)
 .debug_str     0x0000026a       0x5f c:/avr/bin/../lib/gcc/avr/12.1.0/avr5\libgcc.a(_udivmodhi4.o)
 .debug_str     0x0000026a       0x5f c:/avr/bin/../lib/gcc/avr/12.1.0/avr5\libgcc.a(_divmodsi4.o)
 .debug_str     0x0000026a       0x5f c:/avr/bin/../lib/gcc/avr/12.1.0/avr5\libgcc.a(_negsi2.o)
 .debug_str     0x0000026a       0x5f c:/avr/bin/../lib/gcc/avr/12.1.0/avr5\libgcc.a(_muluhisi3.o)
 .debug_str     0x0000026a       0x5f c:/avr/bin/../lib/gcc/avr/12.1.0/avr5\libgcc.a(_mulshisi3.o)
 .debug_str     0x0000026a       0x5f c:/avr/bin/../lib/gcc/avr/12.1.0/avr5\libgcc.a(_prologue.o)
 .debug_str     0x0000026a       0x5f c:/avr/bin/../lib/gcc/avr/12.1.0/avr5\libgcc.a(_epilogue.o)
 .debug_str     0x0000026a       0x5f c:/avr/bin/../lib/gcc/avr/12.1.0/avr5\libgcc.a(_udivmodsi4.o)
 .debug_str     0x0000026a       0x5f c:/avr/bin/../lib/gcc/avr/12.1.0/avr5\libgcc.a(_umulhisi3.o)

.debug_loc
 *(.debug_loc)

.debug_macinfo
 *(.debug_macinfo)

.debug_weaknames
 *(.debug_weaknames)

.debug_funcnames
 *(.debug_funcnames)

.debug_typenames
 *(.debug_typenames)

.debug_varnames
 *(.debug_varnames)

.debug_pubtypes
 *(.debug_pubtypes)

.debug_ranges
 *(.debug_ranges)

.debug_addr
 *(.debug_addr)

.debug_line_str
                0x00000000       0x53
 *(.debug_line_str)
 .debug_line_str
                0x00000000       0x53 c:/avr/bin/../lib/gcc/avr/12.1.0/avr5\libgcc.a(_divmodhi4.o)
                                 0x5f (size before relaxing)
 .debug_line_str
                0x00000053       0x5f c:/avr/bin/../lib/gcc/avr/12.1.0/avr5\libgcc.a(_exit.o)
 .debug_line_str
                0x00000053       0x5f c:/avr/bin/../lib/gcc/avr/12.1.0/avr5\libgcc.a(_copy_data.o)
 .debug_line_str
                0x00000053       0x5f c:/avr/bin/../lib/gcc/avr/12.1.0/avr5\libgcc.a(_clear_bss.o)
 .debug_line_str
                0x00000053       0x5f c:/avr/bin/../lib/gcc/avr/12.1.0/avr5\libgcc.a(_udivmodhi4.o)
 .debug_line_str
                0x00000053       0x5f c:/avr/bin/../lib/gcc/avr/12.1.0/avr5\libgcc.a(_divmodsi4.o)
 .debug_line_str
                0x00000053       0x5f c:/avr/bin/../lib/gcc/avr/12.1.0/avr5\libgcc.a(_negsi2.o)
 .debug_line_str
                0x00000053       0x5f c:/avr/bin/../lib/gcc/avr/12.1.0/avr5\libgcc.a(_muluhisi3.o)
 .debug_line_str
                0x00000053       0x5f c:/avr/bin/../lib/gcc/avr/12.1.0/avr5\libgcc.a(_mulshisi3.o)
 .debug_line_str
                0x00000053       0x5f c:/avr/bin/../lib/gcc/avr/12.1.0/avr5\libgcc.a(_prologue.o)
 .debug_line_str
                0x00000053       0x5f c:/avr/bin/../lib/gcc/avr/12.1.0/avr5\libgcc.a(_epilogue.o)
 .debug_line_str
                0x00000053       0x5f c:/avr/bin/../lib/gcc/avr/12.1.0/avr5\libgcc.a(_udivmodsi4.o)
 .debug_line_str
                0x00000053       0x5f c:/avr/bin/../lib/gcc/avr/12.1.0/avr5\libgcc.a(_umulhisi3.o)

.debug_loclists
 *(.debug_loclists)

.debug_macro
 *(.debug_macro)

.debug_names
 *(.debug_names)

.debug_rnglists
 *(.debug_rnglists)

.debug_str_offsets
 *(.debug_str_offsets)

.debug_sup
 *(.debug_sup)
OUTPUT(avrdemo.elf elf32-avr)
LOAD linker stubs
