Archive member included to satisfy reference by file (symbol)

c:/avr/bin/../lib/gcc/avr/12.1.0/avr5\libgcc.a(_exit.o)
                              c:/avr/bin/../lib/gcc/avr/12.1.0/../../../../avr/lib/avr5/crtatmega328p.o (exit)
c:/avr/bin/../lib/gcc/avr/12.1.0/avr5\libgcc.a(_copy_data.o)
                              bin/debug/main.o (__do_copy_data)
c:/avr/bin/../lib/gcc/avr/12.1.0/avr5\libgcc.a(_clear_bss.o)
                              bin/debug/main.o (__do_clear_bss)
c:/avr/bin/../lib/gcc/avr/12.1.0/../../../../avr/lib/avr5\libc.a(memmove.o)
                              bin/debug/main.o (memmove)
c:/avr/bin/../lib/gcc/avr/12.1.0/../../../../avr/lib/avr5\libc.a(iob.o)
                              bin/debug/uart.o (__iob)
c:/avr/bin/../lib/gcc/avr/12.1.0/../../../../avr/lib/avr5\libc.a(printf.o)
                              bin/debug/main.o (printf)
c:/avr/bin/../lib/gcc/avr/12.1.0/../../../../avr/lib/avr5\libc.a(vfprintf_std.o)
                              c:/avr/bin/../lib/gcc/avr/12.1.0/../../../../avr/lib/avr5\libc.a(printf.o) (vfprintf)
c:/avr/bin/../lib/gcc/avr/12.1.0/../../../../avr/lib/avr5\libc.a(strnlen_P.o)
                              c:/avr/bin/../lib/gcc/avr/12.1.0/../../../../avr/lib/avr5\libc.a(vfprintf_std.o) (strnlen_P)
c:/avr/bin/../lib/gcc/avr/12.1.0/../../../../avr/lib/avr5\libc.a(memcpy.o)
                              c:/avr/bin/../lib/gcc/avr/12.1.0/../../../../avr/lib/avr5\libc.a(memmove.o) (memcpy)
c:/avr/bin/../lib/gcc/avr/12.1.0/../../../../avr/lib/avr5\libc.a(strnlen.o)
                              c:/avr/bin/../lib/gcc/avr/12.1.0/../../../../avr/lib/avr5\libc.a(vfprintf_std.o) (strnlen)
c:/avr/bin/../lib/gcc/avr/12.1.0/../../../../avr/lib/avr5\libc.a(fputc.o)
                              c:/avr/bin/../lib/gcc/avr/12.1.0/../../../../avr/lib/avr5\libc.a(vfprintf_std.o) (fputc)
c:/avr/bin/../lib/gcc/avr/12.1.0/../../../../avr/lib/avr5\libc.a(ultoa_invert.o)
                              c:/avr/bin/../lib/gcc/avr/12.1.0/../../../../avr/lib/avr5\libc.a(vfprintf_std.o) (__ultoa_invert)
c:/avr/bin/../lib/gcc/avr/12.1.0/avr5\libgcc.a(_prologue.o)
                              c:/avr/bin/../lib/gcc/avr/12.1.0/../../../../avr/lib/avr5\libc.a(printf.o) (__prologue_saves__)
c:/avr/bin/../lib/gcc/avr/12.1.0/avr5\libgcc.a(_epilogue.o)
                              c:/avr/bin/../lib/gcc/avr/12.1.0/../../../../avr/lib/avr5\libc.a(printf.o) (__epilogue_restores__)

Memory Configuration

Name             Origin             Length             Attributes
text             0x00000000         0x00020000         xr
data             0x00800060         0x0000ffa0         rw !x
eeprom           0x00810000         0x00010000         rw !x
fuse             0x00820000         0x00000003         rw !x
lock             0x00830000         0x00000400         rw !x
signature        0x00840000         0x00000400         rw !x
user_signatures  0x00850000         0x00000400         rw !x
*default*        0x00000000         0xffffffff

Linker script and memory map

Address of section .data set to 0x800100
LOAD c:/avr/bin/../lib/gcc/avr/12.1.0/../../../../avr/lib/avr5/crtatmega328p.o
LOAD bin/debug/main.o
LOAD bin/debug/max72xx.o
LOAD bin/debug/uart.o
LOAD bin/debug/analogRead.o
START GROUP
LOAD c:/avr/bin/../lib/gcc/avr/12.1.0/avr5\libgcc.a
LOAD c:/avr/bin/../lib/gcc/avr/12.1.0/../../../../avr/lib/avr5\libm.a
LOAD c:/avr/bin/../lib/gcc/avr/12.1.0/../../../../avr/lib/avr5\libc.a
LOAD c:/avr/bin/../lib/gcc/avr/12.1.0/../../../../avr/lib/avr5\libatmega328p.a
END GROUP
                0x00020000                __TEXT_REGION_LENGTH__ = DEFINED (__TEXT_REGION_LENGTH__)?__TEXT_REGION_LENGTH__:0x20000
                0x0000ffa0                __DATA_REGION_LENGTH__ = DEFINED (__DATA_REGION_LENGTH__)?__DATA_REGION_LENGTH__:0xffa0
                0x00010000                __EEPROM_REGION_LENGTH__ = DEFINED (__EEPROM_REGION_LENGTH__)?__EEPROM_REGION_LENGTH__:0x10000
                [0x00000003]                __FUSE_REGION_LENGTH__ = DEFINED (__FUSE_REGION_LENGTH__)?__FUSE_REGION_LENGTH__:0x400
                0x00000400                __LOCK_REGION_LENGTH__ = DEFINED (__LOCK_REGION_LENGTH__)?__LOCK_REGION_LENGTH__:0x400
                0x00000400                __SIGNATURE_REGION_LENGTH__ = DEFINED (__SIGNATURE_REGION_LENGTH__)?__SIGNATURE_REGION_LENGTH__:0x400
                0x00000400                __USER_SIGNATURE_REGION_LENGTH__ = DEFINED (__USER_SIGNATURE_REGION_LENGTH__)?__USER_SIGNATURE_REGION_LENGTH__:0x400

.hash
 *(.hash)

.dynsym
 *(.dynsym)

.dynstr
 *(.dynstr)

.gnu.version
 *(.gnu.version)

.gnu.version_d
 *(.gnu.version_d)

.gnu.version_r
 *(.gnu.version_r)

.rel.init
 *(.rel.init)

.rela.init
 *(.rela.init)

.rel.text
 *(.rel.text)
 *(.rel.text.*)
 *(.rel.gnu.linkonce.t*)

.rela.text
 *(.rela.text)
 *(.rela.text.*)
 *(.rela.gnu.linkonce.t*)

.rel.fini
 *(.rel.fini)

.rela.fini
 *(.rela.fini)

.rel.rodata
 *(.rel.rodata)
 *(.rel.rodata.*)
 *(.rel.gnu.linkonce.r*)

.rela.rodata
 *(.rela.rodata)
 *(.rela.rodata.*)
 *(.rela.gnu.linkonce.r*)

.rel.data
 *(.rel.data)
 *(.rel.data.*)
 *(.rel.gnu.linkonce.d*)

.rela.data
 *(.rela.data)
 *(.rela.data.*)
 *(.rela.gnu.linkonce.d*)

.rel.ctors
 *(.rel.ctors)

.rela.ctors
 *(.rela.ctors)

.rel.dtors
 *(.rel.dtors)

.rela.dtors
 *(.rela.dtors)

.rel.got
 *(.rel.got)

.rela.got
 *(.rela.got)

.rel.bss
 *(.rel.bss)

.rela.bss
 *(.rela.bss)

.rel.plt
 *(.rel.plt)

.rela.plt
 *(.rela.plt)

.text           0x00000000      0xbca
 *(.vectors)
 .vectors       0x00000000       0x68 c:/avr/bin/../lib/gcc/avr/12.1.0/../../../../avr/lib/avr5/crtatmega328p.o
                0x00000000                __vector_default
                0x00000000                __vectors
 *(.vectors)
 *(.progmem.gcc*)
                0x00000068                . = ALIGN (0x2)
                0x00000068                __trampolines_start = .
 *(.trampolines)
 .trampolines   0x00000068        0x0 linker stubs
 *(.trampolines*)
                0x00000068                __trampolines_end = .
 *libprintf_flt.a:*(.progmem.data)
 *libc.a:*(.progmem.data)
 *(.progmem.*)
 .progmem.data  0x00000068        0xa bin/debug/max72xx.o
                0x00000068                max7219_initseq
                0x00000072                . = ALIGN (0x2)
 *(.lowtext)
 *(.lowtext*)
                0x00000072                __ctors_start = .
 *(.ctors)
                0x00000072                __ctors_end = .
                0x00000072                __dtors_start = .
 *(.dtors)
                0x00000072                __dtors_end = .
 SORT_BY_NAME(*)(.ctors)
 SORT_BY_NAME(*)(.dtors)
 *(.init0)
 .init0         0x00000072        0x0 c:/avr/bin/../lib/gcc/avr/12.1.0/../../../../avr/lib/avr5/crtatmega328p.o
                0x00000072                __init
 *(.init0)
 *(.init1)
 *(.init1)
 *(.init2)
 .init2         0x00000072        0xc c:/avr/bin/../lib/gcc/avr/12.1.0/../../../../avr/lib/avr5/crtatmega328p.o
 *(.init2)
 *(.init3)
 *(.init3)
 *(.init4)
 .init4         0x0000007e       0x16 c:/avr/bin/../lib/gcc/avr/12.1.0/avr5\libgcc.a(_copy_data.o)
                0x0000007e                __do_copy_data
 .init4         0x00000094       0x10 c:/avr/bin/../lib/gcc/avr/12.1.0/avr5\libgcc.a(_clear_bss.o)
                0x00000094                __do_clear_bss
 *(.init4)
 *(.init5)
 *(.init5)
 *(.init6)
 *(.init6)
 *(.init7)
 *(.init7)
 *(.init8)
 *(.init8)
 *(.init9)
 .init9         0x000000a4        0x8 c:/avr/bin/../lib/gcc/avr/12.1.0/../../../../avr/lib/avr5/crtatmega328p.o
 *(.init9)
 *(.text)
 .text          0x000000ac        0x4 c:/avr/bin/../lib/gcc/avr/12.1.0/../../../../avr/lib/avr5/crtatmega328p.o
                0x000000ac                __vector_22
                0x000000ac                __vector_1
                0x000000ac                __vector_24
                0x000000ac                __vector_12
                0x000000ac                __bad_interrupt
                0x000000ac                __vector_6
                0x000000ac                __vector_3
                0x000000ac                __vector_23
                0x000000ac                __vector_25
                0x000000ac                __vector_11
                0x000000ac                __vector_13
                0x000000ac                __vector_17
                0x000000ac                __vector_19
                0x000000ac                __vector_7
                0x000000ac                __vector_5
                0x000000ac                __vector_4
                0x000000ac                __vector_9
                0x000000ac                __vector_2
                0x000000ac                __vector_21
                0x000000ac                __vector_15
                0x000000ac                __vector_8
                0x000000ac                __vector_14
                0x000000ac                __vector_10
                0x000000ac                __vector_16
                0x000000ac                __vector_18
                0x000000ac                __vector_20
 .text          0x000000b0      0x220 bin/debug/main.o
                0x000000b0                drawSnake
                0x000000f8                clearSnake
                0x00000140                getNextSnakeDirection
                0x00000208                moveSnake
                0x000002b8                initSnake
 .text          0x000002d0      0x148 bin/debug/max72xx.o
                0x000002d0                max7219b_set
                0x000002f0                max7219b_clr
                0x00000318                max7219b_get
                0x00000324                max7219_byte
                0x0000033e                max7219_word
                0x00000376                max7219_init
                0x000003aa                max7219b_out
                0x0000040a                max7219_row
 .text          0x00000418       0x6e bin/debug/uart.o
                0x00000418                uart_putchar
                0x0000043a                uart_getchar
                0x0000044a                uart_init
                0x0000046c                init_serial
 .text          0x00000486       0x90 bin/debug/analogRead.o
                0x00000486                analogRead
 .text          0x00000516        0x0 c:/avr/bin/../lib/gcc/avr/12.1.0/avr5\libgcc.a(_exit.o)
 .text          0x00000516        0x0 c:/avr/bin/../lib/gcc/avr/12.1.0/avr5\libgcc.a(_copy_data.o)
 .text          0x00000516        0x0 c:/avr/bin/../lib/gcc/avr/12.1.0/avr5\libgcc.a(_clear_bss.o)
 .text          0x00000516        0x0 c:/avr/bin/../lib/gcc/avr/12.1.0/../../../../avr/lib/avr5\libc.a(memmove.o)
 .text          0x00000516        0x0 c:/avr/bin/../lib/gcc/avr/12.1.0/../../../../avr/lib/avr5\libc.a(iob.o)
 .text          0x00000516        0x0 c:/avr/bin/../lib/gcc/avr/12.1.0/../../../../avr/lib/avr5\libc.a(printf.o)
 .text          0x00000516        0x0 c:/avr/bin/../lib/gcc/avr/12.1.0/../../../../avr/lib/avr5\libc.a(vfprintf_std.o)
 .text          0x00000516        0x0 c:/avr/bin/../lib/gcc/avr/12.1.0/../../../../avr/lib/avr5\libc.a(strnlen_P.o)
 .text          0x00000516        0x0 c:/avr/bin/../lib/gcc/avr/12.1.0/../../../../avr/lib/avr5\libc.a(memcpy.o)
 .text          0x00000516        0x0 c:/avr/bin/../lib/gcc/avr/12.1.0/../../../../avr/lib/avr5\libc.a(strnlen.o)
 .text          0x00000516        0x0 c:/avr/bin/../lib/gcc/avr/12.1.0/../../../../avr/lib/avr5\libc.a(fputc.o)
 .text          0x00000516        0x0 c:/avr/bin/../lib/gcc/avr/12.1.0/../../../../avr/lib/avr5\libc.a(ultoa_invert.o)
 .text          0x00000516        0x0 c:/avr/bin/../lib/gcc/avr/12.1.0/avr5\libgcc.a(_prologue.o)
 .text          0x00000516        0x0 c:/avr/bin/../lib/gcc/avr/12.1.0/avr5\libgcc.a(_epilogue.o)
                0x00000516                . = ALIGN (0x2)
 *(.text.*)
 .text.startup  0x00000516       0x96 bin/debug/main.o
                0x00000516                main
 .text.libgcc.mul
                0x000005ac        0x0 c:/avr/bin/../lib/gcc/avr/12.1.0/avr5\libgcc.a(_exit.o)
 .text.libgcc.div
                0x000005ac        0x0 c:/avr/bin/../lib/gcc/avr/12.1.0/avr5\libgcc.a(_exit.o)
 .text.libgcc   0x000005ac        0x0 c:/avr/bin/../lib/gcc/avr/12.1.0/avr5\libgcc.a(_exit.o)
 .text.libgcc.prologue
                0x000005ac        0x0 c:/avr/bin/../lib/gcc/avr/12.1.0/avr5\libgcc.a(_exit.o)
 .text.libgcc.builtins
                0x000005ac        0x0 c:/avr/bin/../lib/gcc/avr/12.1.0/avr5\libgcc.a(_exit.o)
 .text.libgcc.fmul
                0x000005ac        0x0 c:/avr/bin/../lib/gcc/avr/12.1.0/avr5\libgcc.a(_exit.o)
 .text.libgcc.fixed
                0x000005ac        0x0 c:/avr/bin/../lib/gcc/avr/12.1.0/avr5\libgcc.a(_exit.o)
 .text.libgcc.mul
                0x000005ac        0x0 c:/avr/bin/../lib/gcc/avr/12.1.0/avr5\libgcc.a(_copy_data.o)
 .text.libgcc.div
                0x000005ac        0x0 c:/avr/bin/../lib/gcc/avr/12.1.0/avr5\libgcc.a(_copy_data.o)
 .text.libgcc   0x000005ac        0x0 c:/avr/bin/../lib/gcc/avr/12.1.0/avr5\libgcc.a(_copy_data.o)
 .text.libgcc.prologue
                0x000005ac        0x0 c:/avr/bin/../lib/gcc/avr/12.1.0/avr5\libgcc.a(_copy_data.o)
 .text.libgcc.builtins
                0x000005ac        0x0 c:/avr/bin/../lib/gcc/avr/12.1.0/avr5\libgcc.a(_copy_data.o)
 .text.libgcc.fmul
                0x000005ac        0x0 c:/avr/bin/../lib/gcc/avr/12.1.0/avr5\libgcc.a(_copy_data.o)
 .text.libgcc.fixed
                0x000005ac        0x0 c:/avr/bin/../lib/gcc/avr/12.1.0/avr5\libgcc.a(_copy_data.o)
 .text.libgcc.mul
                0x000005ac        0x0 c:/avr/bin/../lib/gcc/avr/12.1.0/avr5\libgcc.a(_clear_bss.o)
 .text.libgcc.div
                0x000005ac        0x0 c:/avr/bin/../lib/gcc/avr/12.1.0/avr5\libgcc.a(_clear_bss.o)
 .text.libgcc   0x000005ac        0x0 c:/avr/bin/../lib/gcc/avr/12.1.0/avr5\libgcc.a(_clear_bss.o)
 .text.libgcc.prologue
                0x000005ac        0x0 c:/avr/bin/../lib/gcc/avr/12.1.0/avr5\libgcc.a(_clear_bss.o)
 .text.libgcc.builtins
                0x000005ac        0x0 c:/avr/bin/../lib/gcc/avr/12.1.0/avr5\libgcc.a(_clear_bss.o)
 .text.libgcc.fmul
                0x000005ac        0x0 c:/avr/bin/../lib/gcc/avr/12.1.0/avr5\libgcc.a(_clear_bss.o)
 .text.libgcc.fixed
                0x000005ac        0x0 c:/avr/bin/../lib/gcc/avr/12.1.0/avr5\libgcc.a(_clear_bss.o)
 .text.avr-libc
                0x000005ac       0x24 c:/avr/bin/../lib/gcc/avr/12.1.0/../../../../avr/lib/avr5\libc.a(memmove.o)
                0x000005ac                memmove
 .text.avr-libc
                0x000005d0       0x2c c:/avr/bin/../lib/gcc/avr/12.1.0/../../../../avr/lib/avr5\libc.a(printf.o)
                0x000005d0                printf
 .text.avr-libc
                0x000005fc      0x402 c:/avr/bin/../lib/gcc/avr/12.1.0/../../../../avr/lib/avr5\libc.a(vfprintf_std.o)
                0x000005fc                vfprintf
 .text.avr-libc
                0x000009fe       0x16 c:/avr/bin/../lib/gcc/avr/12.1.0/../../../../avr/lib/avr5\libc.a(strnlen_P.o)
                0x000009fe                strnlen_P
 .text.avr-libc
                0x00000a14       0x12 c:/avr/bin/../lib/gcc/avr/12.1.0/../../../../avr/lib/avr5\libc.a(memcpy.o)
                0x00000a14                memcpy
 .text.avr-libc
                0x00000a26       0x16 c:/avr/bin/../lib/gcc/avr/12.1.0/../../../../avr/lib/avr5\libc.a(strnlen.o)
                0x00000a26                strnlen
 .text.avr-libc
                0x00000a3c       0x60 c:/avr/bin/../lib/gcc/avr/12.1.0/../../../../avr/lib/avr5\libc.a(fputc.o)
                0x00000a3c                fputc
 .text.avr-libc
                0x00000a9c       0xbc c:/avr/bin/../lib/gcc/avr/12.1.0/../../../../avr/lib/avr5\libc.a(ultoa_invert.o)
                0x00000a9c                __ultoa_invert
 .text.libgcc.mul
                0x00000b58        0x0 c:/avr/bin/../lib/gcc/avr/12.1.0/avr5\libgcc.a(_prologue.o)
 .text.libgcc.div
                0x00000b58        0x0 c:/avr/bin/../lib/gcc/avr/12.1.0/avr5\libgcc.a(_prologue.o)
 .text.libgcc   0x00000b58        0x0 c:/avr/bin/../lib/gcc/avr/12.1.0/avr5\libgcc.a(_prologue.o)
 .text.libgcc.prologue
                0x00000b58       0x38 c:/avr/bin/../lib/gcc/avr/12.1.0/avr5\libgcc.a(_prologue.o)
                0x00000b58                __prologue_saves__
 .text.libgcc.builtins
                0x00000b90        0x0 c:/avr/bin/../lib/gcc/avr/12.1.0/avr5\libgcc.a(_prologue.o)
 .text.libgcc.fmul
                0x00000b90        0x0 c:/avr/bin/../lib/gcc/avr/12.1.0/avr5\libgcc.a(_prologue.o)
 .text.libgcc.fixed
                0x00000b90        0x0 c:/avr/bin/../lib/gcc/avr/12.1.0/avr5\libgcc.a(_prologue.o)
 .text.libgcc.mul
                0x00000b90        0x0 c:/avr/bin/../lib/gcc/avr/12.1.0/avr5\libgcc.a(_epilogue.o)
 .text.libgcc.div
                0x00000b90        0x0 c:/avr/bin/../lib/gcc/avr/12.1.0/avr5\libgcc.a(_epilogue.o)
 .text.libgcc   0x00000b90        0x0 c:/avr/bin/../lib/gcc/avr/12.1.0/avr5\libgcc.a(_epilogue.o)
 .text.libgcc.prologue
                0x00000b90       0x36 c:/avr/bin/../lib/gcc/avr/12.1.0/avr5\libgcc.a(_epilogue.o)
                0x00000b90                __epilogue_restores__
 .text.libgcc.builtins
                0x00000bc6        0x0 c:/avr/bin/../lib/gcc/avr/12.1.0/avr5\libgcc.a(_epilogue.o)
 .text.libgcc.fmul
                0x00000bc6        0x0 c:/avr/bin/../lib/gcc/avr/12.1.0/avr5\libgcc.a(_epilogue.o)
 .text.libgcc.fixed
                0x00000bc6        0x0 c:/avr/bin/../lib/gcc/avr/12.1.0/avr5\libgcc.a(_epilogue.o)
                0x00000bc6                . = ALIGN (0x2)
 *(.fini9)
 .fini9         0x00000bc6        0x0 c:/avr/bin/../lib/gcc/avr/12.1.0/avr5\libgcc.a(_exit.o)
                0x00000bc6                _exit
                0x00000bc6                exit
 *(.fini9)
 *(.fini8)
 *(.fini8)
 *(.fini7)
 *(.fini7)
 *(.fini6)
 *(.fini6)
 *(.fini5)
 *(.fini5)
 *(.fini4)
 *(.fini4)
 *(.fini3)
 *(.fini3)
 *(.fini2)
 *(.fini2)
 *(.fini1)
 *(.fini1)
 *(.fini0)
 .fini0         0x00000bc6        0x4 c:/avr/bin/../lib/gcc/avr/12.1.0/avr5\libgcc.a(_exit.o)
 *(.fini0)
 *(.hightext)
 *(.hightext*)
 *(.progmemx.*)
                0x00000bca                . = ALIGN (0x2)
 *(.jumptables)
 *(.jumptables*)
                0x00000bca                _etext = .

.data           0x00800100       0x40 load address 0x00000bca
                0x00800100                PROVIDE (__data_start = .)
 *(.data)
 .data          0x00800100        0x0 c:/avr/bin/../lib/gcc/avr/12.1.0/../../../../avr/lib/avr5/crtatmega328p.o
 .data          0x00800100        0x0 bin/debug/main.o
 .data          0x00800100        0x0 bin/debug/max72xx.o
 .data          0x00800100       0x1c bin/debug/uart.o
                0x00800100                uart_input
                0x0080010e                uart_output
 .data          0x0080011c        0x0 bin/debug/analogRead.o
 .data          0x0080011c        0x0 c:/avr/bin/../lib/gcc/avr/12.1.0/avr5\libgcc.a(_exit.o)
 .data          0x0080011c        0x0 c:/avr/bin/../lib/gcc/avr/12.1.0/avr5\libgcc.a(_copy_data.o)
 .data          0x0080011c        0x0 c:/avr/bin/../lib/gcc/avr/12.1.0/avr5\libgcc.a(_clear_bss.o)
 .data          0x0080011c        0x0 c:/avr/bin/../lib/gcc/avr/12.1.0/../../../../avr/lib/avr5\libc.a(memmove.o)
 .data          0x0080011c        0x0 c:/avr/bin/../lib/gcc/avr/12.1.0/../../../../avr/lib/avr5\libc.a(iob.o)
 .data          0x0080011c        0x0 c:/avr/bin/../lib/gcc/avr/12.1.0/../../../../avr/lib/avr5\libc.a(printf.o)
 .data          0x0080011c        0x0 c:/avr/bin/../lib/gcc/avr/12.1.0/../../../../avr/lib/avr5\libc.a(vfprintf_std.o)
 .data          0x0080011c        0x0 c:/avr/bin/../lib/gcc/avr/12.1.0/../../../../avr/lib/avr5\libc.a(strnlen_P.o)
 .data          0x0080011c        0x0 c:/avr/bin/../lib/gcc/avr/12.1.0/../../../../avr/lib/avr5\libc.a(memcpy.o)
 .data          0x0080011c        0x0 c:/avr/bin/../lib/gcc/avr/12.1.0/../../../../avr/lib/avr5\libc.a(strnlen.o)
 .data          0x0080011c        0x0 c:/avr/bin/../lib/gcc/avr/12.1.0/../../../../avr/lib/avr5\libc.a(fputc.o)
 .data          0x0080011c        0x0 c:/avr/bin/../lib/gcc/avr/12.1.0/../../../../avr/lib/avr5\libc.a(ultoa_invert.o)
 .data          0x0080011c        0x0 c:/avr/bin/../lib/gcc/avr/12.1.0/avr5\libgcc.a(_prologue.o)
 .data          0x0080011c        0x0 c:/avr/bin/../lib/gcc/avr/12.1.0/avr5\libgcc.a(_epilogue.o)
 *(.data*)
 *(.gnu.linkonce.d*)
 *(.rodata)
 *(.rodata*)
 .rodata.str1.1
                0x0080011c       0x23 bin/debug/main.o
 *(.gnu.linkonce.r*)
                0x00800140                . = ALIGN (0x2)
 *fill*         0x0080013f        0x1 
                0x00800140                _edata = .
                0x00800140                PROVIDE (__data_end = .)

.bss            0x00800140       0x17
                0x00800140                PROVIDE (__bss_start = .)
 *(.bss)
 .bss           0x00800140        0x0 c:/avr/bin/../lib/gcc/avr/12.1.0/../../../../avr/lib/avr5/crtatmega328p.o
 .bss           0x00800140        0x1 bin/debug/main.o
                0x00800140                waitingForPlayerInput
 .bss           0x00800141       0x10 bin/debug/max72xx.o
                0x00800141                max7219_buffer
 .bss           0x00800151        0x0 bin/debug/uart.o
 .bss           0x00800151        0x0 bin/debug/analogRead.o
 .bss           0x00800151        0x0 c:/avr/bin/../lib/gcc/avr/12.1.0/avr5\libgcc.a(_exit.o)
 .bss           0x00800151        0x0 c:/avr/bin/../lib/gcc/avr/12.1.0/avr5\libgcc.a(_copy_data.o)
 .bss           0x00800151        0x0 c:/avr/bin/../lib/gcc/avr/12.1.0/avr5\libgcc.a(_clear_bss.o)
 .bss           0x00800151        0x0 c:/avr/bin/../lib/gcc/avr/12.1.0/../../../../avr/lib/avr5\libc.a(memmove.o)
 .bss           0x00800151        0x6 c:/avr/bin/../lib/gcc/avr/12.1.0/../../../../avr/lib/avr5\libc.a(iob.o)
                0x00800151                __iob
 .bss           0x00800157        0x0 c:/avr/bin/../lib/gcc/avr/12.1.0/../../../../avr/lib/avr5\libc.a(printf.o)
 .bss           0x00800157        0x0 c:/avr/bin/../lib/gcc/avr/12.1.0/../../../../avr/lib/avr5\libc.a(vfprintf_std.o)
 .bss           0x00800157        0x0 c:/avr/bin/../lib/gcc/avr/12.1.0/../../../../avr/lib/avr5\libc.a(strnlen_P.o)
 .bss           0x00800157        0x0 c:/avr/bin/../lib/gcc/avr/12.1.0/../../../../avr/lib/avr5\libc.a(memcpy.o)
 .bss           0x00800157        0x0 c:/avr/bin/../lib/gcc/avr/12.1.0/../../../../avr/lib/avr5\libc.a(strnlen.o)
 .bss           0x00800157        0x0 c:/avr/bin/../lib/gcc/avr/12.1.0/../../../../avr/lib/avr5\libc.a(fputc.o)
 .bss           0x00800157        0x0 c:/avr/bin/../lib/gcc/avr/12.1.0/../../../../avr/lib/avr5\libc.a(ultoa_invert.o)
 .bss           0x00800157        0x0 c:/avr/bin/../lib/gcc/avr/12.1.0/avr5\libgcc.a(_prologue.o)
 .bss           0x00800157        0x0 c:/avr/bin/../lib/gcc/avr/12.1.0/avr5\libgcc.a(_epilogue.o)
 *(.bss*)
 *(COMMON)
                0x00800157                PROVIDE (__bss_end = .)
                0x00000bca                __data_load_start = LOADADDR (.data)
                0x00000c0a                __data_load_end = (__data_load_start + SIZEOF (.data))

.noinit         0x00800157        0x0
                [!provide]                PROVIDE (__noinit_start = .)
 *(.noinit .noinit.* .gnu.linkonce.n.*)
                [!provide]                PROVIDE (__noinit_end = .)
                0x00800157                _end = .
                [!provide]                PROVIDE (__heap_start = .)

.eeprom         0x00810000        0x0
 *(.eeprom*)
                0x00810000                __eeprom_end = .

.fuse
 *(.fuse)
 *(.lfuse)
 *(.hfuse)
 *(.efuse)

.lock
 *(.lock*)

.signature
 *(.signature*)

.stab
 *(.stab)

.stabstr
 *(.stabstr)

.stab.excl
 *(.stab.excl)

.stab.exclstr
 *(.stab.exclstr)

.stab.index
 *(.stab.index)

.stab.indexstr
 *(.stab.indexstr)

.comment        0x00000000       0x12
 *(.comment)
 .comment       0x00000000       0x12 bin/debug/main.o
                                 0x13 (size before relaxing)
 .comment       0x00000012       0x13 bin/debug/max72xx.o
 .comment       0x00000012       0x13 bin/debug/uart.o
 .comment       0x00000012       0x13 bin/debug/analogRead.o
 .comment       0x00000012       0x13 c:/avr/bin/../lib/gcc/avr/12.1.0/../../../../avr/lib/avr5\libc.a(iob.o)
 .comment       0x00000012       0x13 c:/avr/bin/../lib/gcc/avr/12.1.0/../../../../avr/lib/avr5\libc.a(printf.o)
 .comment       0x00000012       0x13 c:/avr/bin/../lib/gcc/avr/12.1.0/../../../../avr/lib/avr5\libc.a(vfprintf_std.o)
 .comment       0x00000012       0x13 c:/avr/bin/../lib/gcc/avr/12.1.0/../../../../avr/lib/avr5\libc.a(fputc.o)

.note.gnu.avr.deviceinfo
                0x00000000       0x40
 .note.gnu.avr.deviceinfo
                0x00000000       0x40 c:/avr/bin/../lib/gcc/avr/12.1.0/../../../../avr/lib/avr5/crtatmega328p.o

.note.gnu.build-id
 *(.note.gnu.build-id)

.debug
 *(.debug)

.line
 *(.line)

.debug_srcinfo
 *(.debug_srcinfo)

.debug_sfnames
 *(.debug_sfnames)

.debug_aranges  0x00000000       0xa0
 *(.debug_aranges)
 .debug_aranges
                0x00000000       0x20 c:/avr/bin/../lib/gcc/avr/12.1.0/avr5\libgcc.a(_exit.o)
 .debug_aranges
                0x00000020       0x20 c:/avr/bin/../lib/gcc/avr/12.1.0/avr5\libgcc.a(_copy_data.o)
 .debug_aranges
                0x00000040       0x20 c:/avr/bin/../lib/gcc/avr/12.1.0/avr5\libgcc.a(_clear_bss.o)
 .debug_aranges
                0x00000060       0x20 c:/avr/bin/../lib/gcc/avr/12.1.0/avr5\libgcc.a(_prologue.o)
 .debug_aranges
                0x00000080       0x20 c:/avr/bin/../lib/gcc/avr/12.1.0/avr5\libgcc.a(_epilogue.o)

.debug_pubnames
 *(.debug_pubnames)

.debug_info     0x00000000      0x6a8
 *(.debug_info .gnu.linkonce.wi.*)
 .debug_info    0x00000000      0x5f4 c:/avr/bin/../lib/gcc/avr/12.1.0/../../../../avr/lib/avr5/crtatmega328p.o
 .debug_info    0x000005f4       0x24 c:/avr/bin/../lib/gcc/avr/12.1.0/avr5\libgcc.a(_exit.o)
 .debug_info    0x00000618       0x24 c:/avr/bin/../lib/gcc/avr/12.1.0/avr5\libgcc.a(_copy_data.o)
 .debug_info    0x0000063c       0x24 c:/avr/bin/../lib/gcc/avr/12.1.0/avr5\libgcc.a(_clear_bss.o)
 .debug_info    0x00000660       0x24 c:/avr/bin/../lib/gcc/avr/12.1.0/avr5\libgcc.a(_prologue.o)
 .debug_info    0x00000684       0x24 c:/avr/bin/../lib/gcc/avr/12.1.0/avr5\libgcc.a(_epilogue.o)

.debug_abbrev   0x00000000      0x606
 *(.debug_abbrev)
 .debug_abbrev  0x00000000      0x5a2 c:/avr/bin/../lib/gcc/avr/12.1.0/../../../../avr/lib/avr5/crtatmega328p.o
 .debug_abbrev  0x000005a2       0x14 c:/avr/bin/../lib/gcc/avr/12.1.0/avr5\libgcc.a(_exit.o)
 .debug_abbrev  0x000005b6       0x14 c:/avr/bin/../lib/gcc/avr/12.1.0/avr5\libgcc.a(_copy_data.o)
 .debug_abbrev  0x000005ca       0x14 c:/avr/bin/../lib/gcc/avr/12.1.0/avr5\libgcc.a(_clear_bss.o)
 .debug_abbrev  0x000005de       0x14 c:/avr/bin/../lib/gcc/avr/12.1.0/avr5\libgcc.a(_prologue.o)
 .debug_abbrev  0x000005f2       0x14 c:/avr/bin/../lib/gcc/avr/12.1.0/avr5\libgcc.a(_epilogue.o)

.debug_line     0x00000000      0x33e
 *(.debug_line .debug_line.* .debug_line_end)
 .debug_line    0x00000000       0x1d c:/avr/bin/../lib/gcc/avr/12.1.0/../../../../avr/lib/avr5/crtatmega328p.o
 .debug_line    0x0000001d       0x51 c:/avr/bin/../lib/gcc/avr/12.1.0/avr5\libgcc.a(_exit.o)
 .debug_line    0x0000006e       0x87 c:/avr/bin/../lib/gcc/avr/12.1.0/avr5\libgcc.a(_copy_data.o)
 .debug_line    0x000000f5       0x75 c:/avr/bin/../lib/gcc/avr/12.1.0/avr5\libgcc.a(_clear_bss.o)
 .debug_line    0x0000016a       0xed c:/avr/bin/../lib/gcc/avr/12.1.0/avr5\libgcc.a(_prologue.o)
 .debug_line    0x00000257       0xe7 c:/avr/bin/../lib/gcc/avr/12.1.0/avr5\libgcc.a(_epilogue.o)

.debug_frame
 *(.debug_frame)

.debug_str      0x00000000      0x26a
 *(.debug_str)
 .debug_str     0x00000000      0x20b c:/avr/bin/../lib/gcc/avr/12.1.0/../../../../avr/lib/avr5/crtatmega328p.o
 .debug_str     0x0000020b       0x5f c:/avr/bin/../lib/gcc/avr/12.1.0/avr5\libgcc.a(_exit.o)
 .debug_str     0x0000026a       0x5f c:/avr/bin/../lib/gcc/avr/12.1.0/avr5\libgcc.a(_copy_data.o)
 .debug_str     0x0000026a       0x5f c:/avr/bin/../lib/gcc/avr/12.1.0/avr5\libgcc.a(_clear_bss.o)
 .debug_str     0x0000026a       0x5f c:/avr/bin/../lib/gcc/avr/12.1.0/avr5\libgcc.a(_prologue.o)
 .debug_str     0x0000026a       0x5f c:/avr/bin/../lib/gcc/avr/12.1.0/avr5\libgcc.a(_epilogue.o)

.debug_loc
 *(.debug_loc)

.debug_macinfo
 *(.debug_macinfo)

.debug_weaknames
 *(.debug_weaknames)

.debug_funcnames
 *(.debug_funcnames)

.debug_typenames
 *(.debug_typenames)

.debug_varnames
 *(.debug_varnames)

.debug_pubtypes
 *(.debug_pubtypes)

.debug_ranges
 *(.debug_ranges)

.debug_addr
 *(.debug_addr)

.debug_line_str
                0x00000000       0x53
 *(.debug_line_str)
 .debug_line_str
                0x00000000       0x53 c:/avr/bin/../lib/gcc/avr/12.1.0/avr5\libgcc.a(_exit.o)
                                 0x5f (size before relaxing)
 .debug_line_str
                0x00000053       0x5f c:/avr/bin/../lib/gcc/avr/12.1.0/avr5\libgcc.a(_copy_data.o)
 .debug_line_str
                0x00000053       0x5f c:/avr/bin/../lib/gcc/avr/12.1.0/avr5\libgcc.a(_clear_bss.o)
 .debug_line_str
                0x00000053       0x5f c:/avr/bin/../lib/gcc/avr/12.1.0/avr5\libgcc.a(_prologue.o)
 .debug_line_str
                0x00000053       0x5f c:/avr/bin/../lib/gcc/avr/12.1.0/avr5\libgcc.a(_epilogue.o)

.debug_loclists
 *(.debug_loclists)

.debug_macro
 *(.debug_macro)

.debug_names
 *(.debug_names)

.debug_rnglists
 *(.debug_rnglists)

.debug_str_offsets
 *(.debug_str_offsets)

.debug_sup
 *(.debug_sup)
OUTPUT(avrdemo.elf elf32-avr)
LOAD linker stubs
